scenario normal-battle -> run a51-live-manual-05 [RESUME]
attached, halted (S02)
adopt: roster guard not settled yet (7 required check(s) failing: ['battle_struct_readable=struct_count=328201', 'slot0_name_matches=slot0 name=0x40309 (None) expected=0x85671ee']); retrying (turn-transition window)
adopt: roster guard not settled yet (7 required check(s) failing: ['battle_struct_readable=struct_count=328201', 'slot0_name_matches=slot0 name=0x40309 (None) expected=0x85671ee']); retrying (turn-transition window)
adopted running emulator pid 44528 port 2345 (roster guard ok after 3 attempt(s); NOT rebooted)
  EV {"t": 16.1, "kind": "guard", "scenario": "normal-battle", "turn": null, "actor": null, "actor_slot": null, "control_mode": null, "selected_action": null, "selected_target": null, "position_before": null, "position_after": null, "state": "idle", "seeds": 0, "router_hits": 0, "note": "verified player identities: [('Marche', 6)]", "input_log": null, "actor_identity": null, "engine_result": null, "next_actor": null}
  EV {"t": 16.1, "kind": "start", "scenario": "normal-battle", "turn": null, "actor": null, "actor_slot": null, "control_mode": "retail-ai", "selected_action": null, "selected_target": null, "position_before": null, "position_after": null, "state": "running", "seeds": 0, "router_hits": 0, "note": "resume: continuation of a battle whose first leg ended paused (manual handoff returned control)", "input_log": "input-log.jsonl", "actor_identity": null, "engine_result": null, "next_actor": null}
  CTRL pre-clear t=21.0 slot=0 name='Jon' ed=0x00 e6=0
  CTRL post-clear t=21.1 slot=0 ed=0x00 e6=0
  ROUTER t=21.1 slot=0 name='Jon' ea=0x00 ed=0x00 e6=0 ct=1000 runtime
  BRANCH t=21.2 slot=0 name='Jon' -> ai_path_0x0809E3BA (ea=0x00)
  CTRL pre-clear t=21.3 slot=0 name='Jon' ed=0x00 e6=0
  CTRL post-clear t=21.3 slot=0 ed=0x00 e6=0
  ROUTER t=21.4 slot=0 name='Jon' ea=0x00 ed=0x00 e6=0 ct=1000 runtime
  BRANCH t=21.4 slot=0 name='Jon' -> ai_path_0x0809E3BA (ea=0x00)
  CTRL pre-clear t=21.5 slot=2 name='Godfrey' ed=0x00 e6=0
  CTRL post-clear t=21.6 slot=2 ed=0x00 e6=0
  ROUTER t=21.6 slot=2 name='Godfrey' ea=0x00 ed=0x00 e6=0 ct=1000 runtime
  BRANCH t=21.7 slot=2 name='Godfrey' -> ai_path_0x0809E3BA (ea=0x00)
  CTRL pre-clear t=21.8 slot=1 name='Velasquez' ed=0x00 e6=0
  CTRL post-clear t=21.8 slot=1 ed=0x00 e6=0
  ROUTER t=21.9 slot=1 name='Velasquez' ea=0x00 ed=0x00 e6=0 ct=1000 runtime
  BRANCH t=21.9 slot=1 name='Velasquez' -> ai_path_0x0809E3BA (ea=0x00)
  CTRL pre-clear t=22.0 slot=6 name='Marche' ed=0x00 e6=0
  CTRL post-clear t=22.1 slot=6 ed=0x00 e6=0
  ROUTER t=22.1 slot=6 name='Marche' ea=0x00 ed=0x00 e6=0 ct=1000 runtime
  BRANCH t=22.2 slot=6 name='Marche' -> ai_path_0x0809E3BA (ea=0x00)
  CTRL pre-clear t=22.3 slot=3 name='Schneider' ed=0x00 e6=0
  CTRL post-clear t=22.3 slot=3 ed=0x00 e6=0
  ROUTER t=22.4 slot=3 name='Schneider' ea=0x00 ed=0x00 e6=0 ct=1000 runtime
  BRANCH t=22.4 slot=3 name='Schneider' -> ai_path_0x0809E3BA (ea=0x00)
  CTRL pre-clear t=22.5 slot=4 name='Carson' ed=0x00 e6=0
  CTRL post-clear t=22.6 slot=4 ed=0x00 e6=0
  ROUTER t=22.6 slot=4 name='Carson' ea=0x00 ed=0x00 e6=0 ct=1000 runtime
  BRANCH t=22.7 slot=4 name='Carson' -> ai_path_0x0809E3BA (ea=0x00)
  CTRL pre-clear t=22.8 slot=2 name='Godfrey' ed=0x00 e6=0
  CTRL post-clear t=22.8 slot=2 ed=0x00 e6=0
  ROUTER t=22.9 slot=2 name='Godfrey' ea=0x00 ed=0x00 e6=0 ct=1000 runtime
  BRANCH t=22.9 slot=2 name='Godfrey' -> ai_path_0x0809E3BA (ea=0x00)
  CTRL pre-clear t=23.0 slot=1 name='Velasquez' ed=0x00 e6=0
  CTRL post-clear t=23.1 slot=1 ed=0x00 e6=0
  ROUTER t=23.1 slot=1 name='Velasquez' ea=0x00 ed=0x00 e6=0 ct=1000 runtime
  BRANCH t=23.2 slot=1 name='Velasquez' -> ai_path_0x0809E3BA (ea=0x00)
  CTRL pre-clear t=23.3 slot=0 name='Jon' ed=0x00 e6=0
  CTRL post-clear t=23.3 slot=0 ed=0x00 e6=0
  ROUTER t=23.4 slot=0 name='Jon' ea=0x00 ed=0x00 e6=0 ct=1000 runtime
  BRANCH t=23.4 slot=0 name='Jon' -> ai_path_0x0809E3BA (ea=0x00)
  CTRL pre-clear t=23.5 slot=6 name='Marche' ed=0x00 e6=0
  CTRL post-clear t=23.6 slot=6 ed=0x00 e6=0
  ROUTER t=23.6 slot=6 name='Marche' ea=0x00 ed=0x00 e6=0 ct=1000 runtime
  BRANCH t=23.7 slot=6 name='Marche' -> ai_path_0x0809E3BA (ea=0x00)
  CTRL pre-clear t=23.8 slot=5 name='Judge' ed=0x00 e6=0
  CTRL post-clear t=23.8 slot=5 ed=0x00 e6=0
  ROUTER t=23.9 slot=5 name='Judge' ea=0x00 ed=0x00 e6=0 ct=1000 runtime
  BRANCH t=24.0 slot=5 name='Judge' -> ai_path_0x0809E3BA (ea=0x00)
  CTRL pre-clear t=24.1 slot=3 name='Schneider' ed=0x00 e6=0
  CTRL post-clear t=24.1 slot=3 ed=0x00 e6=0
  ROUTER t=24.2 slot=3 name='Schneider' ea=0x00 ed=0x00 e6=0 ct=1000 runtime
  BRANCH t=24.2 slot=3 name='Schneider' -> ai_path_0x0809E3BA (ea=0x00)
  CTRL pre-clear t=24.3 slot=4 name='Carson' ed=0x00 e6=0
  CTRL post-clear t=24.4 slot=4 ed=0x00 e6=0
  ROUTER t=24.4 slot=4 name='Carson' ea=0x00 ed=0x00 e6=0 ct=1000 runtime
  BRANCH t=24.5 slot=4 name='Carson' -> ai_path_0x0809E3BA (ea=0x00)
  CTRL pre-clear t=24.6 slot=2 name='Godfrey' ed=0x00 e6=0
  CTRL post-clear t=24.6 slot=2 ed=0x00 e6=0
  ROUTER t=24.7 slot=2 name='Godfrey' ea=0x00 ed=0x00 e6=0 ct=1000 runtime
  BRANCH t=24.7 slot=2 name='Godfrey' -> ai_path_0x0809E3BA (ea=0x00)
  CTRL pre-clear t=24.8 slot=1 name='Velasquez' ed=0x00 e6=0
  CTRL post-clear t=24.9 slot=1 ed=0x00 e6=0
  ROUTER t=24.9 slot=1 name='Velasquez' ea=0x00 ed=0x00 e6=0 ct=1000 runtime
  BRANCH t=25.0 slot=1 name='Velasquez' -> ai_path_0x0809E3BA (ea=0x00)
  CTRL pre-clear t=25.1 slot=6 name='Marche' ed=0x00 e6=0
  CTRL post-clear t=25.1 slot=6 ed=0x00 e6=0
  ROUTER t=25.2 slot=6 name='Marche' ea=0x00 ed=0x00 e6=0 ct=1000 runtime
  BRANCH t=25.2 slot=6 name='Marche' -> ai_path_0x0809E3BA (ea=0x00)
  CTRL pre-clear t=25.3 slot=0 name='Jon' ed=0x00 e6=0
  CTRL post-clear t=25.4 slot=0 ed=0x00 e6=0
  ROUTER t=25.4 slot=0 name='Jon' ea=0x00 ed=0x00 e6=0 ct=1000 runtime
  BRANCH t=25.5 slot=0 name='Jon' -> ai_path_0x0809E3BA (ea=0x00)
  CTRL pre-clear t=25.6 slot=3 name='Schneider' ed=0x00 e6=0
  CTRL post-clear t=25.6 slot=3 ed=0x00 e6=0
  ROUTER t=25.7 slot=3 name='Schneider' ea=0x00 ed=0x00 e6=0 ct=1000 runtime
  BRANCH t=25.7 slot=3 name='Schneider' -> ai_path_0x0809E3BA (ea=0x00)
  CTRL pre-clear t=25.8 slot=2 name='Godfrey' ed=0x00 e6=0
  CTRL post-clear t=25.9 slot=2 ed=0x00 e6=0
  ROUTER t=25.9 slot=2 name='Godfrey' ea=0x00 ed=0x00 e6=0 ct=1000 runtime
  BRANCH t=26.0 slot=2 name='Godfrey' -> ai_path_0x0809E3BA (ea=0x00)
  CTRL pre-clear t=26.1 slot=4 name='Carson' ed=0x00 e6=0
  CTRL post-clear t=26.1 slot=4 ed=0x00 e6=0
  ROUTER t=26.2 slot=4 name='Carson' ea=0x00 ed=0x00 e6=0 ct=1000 runtime
  BRANCH t=26.2 slot=4 name='Carson' -> ai_path_0x0809E3BA (ea=0x00)
  SEED t=27.4 ctx=[{'off': -144, 'v': '020030cc', 'slot': None, 'name': 'Godfrey'}, {'off': -80, 'v': '0202008c', 'slot': None, 'name': None}, {'off': -60, 'v': '0201b208', 'slot': None, 'name': None}, {'off': -56, 'v': '0201b380', 'slot': None, 'name': None}, {'off': -16, 'v': '0201f134', 'slot': None, 'name': None}, {'off': 0, 'v': '020031d4', 'slot': None, 'name': 'Jon'}] runtime
  CTRL pre-clear t=32.2 slot=2 name='Godfrey' ed=0x00 e6=0
  CTRL post-clear t=32.2 slot=2 ed=0x00 e6=0
  ROUTER t=32.3 slot=2 name='Godfrey' ea=0x00 ed=0x00 e6=0 ct=1000 runtime
  BRANCH t=32.3 slot=2 name='Godfrey' -> ai_path_0x0809E3BA (ea=0x00)
  CTRL pre-clear t=32.4 slot=2 name='Godfrey' ed=0x00 e6=0
  CTRL post-clear t=32.5 slot=2 ed=0x00 e6=0
  ROUTER t=32.5 slot=2 name='Godfrey' ea=0x00 ed=0x00 e6=0 ct=1000 runtime
  BRANCH t=32.6 slot=2 name='Godfrey' -> ai_path_0x0809E3BA (ea=0x00)
  CTRL pre-clear t=32.7 slot=1 name='Velasquez' ed=0x00 e6=0
  CTRL post-clear t=32.7 slot=1 ed=0x00 e6=0
  ROUTER t=32.8 slot=1 name='Velasquez' ea=0x00 ed=0x00 e6=0 ct=1000 runtime
  BRANCH t=32.8 slot=1 name='Velasquez' -> ai_path_0x0809E3BA (ea=0x00)
  CTRL pre-clear t=32.9 slot=6 name='Marche' ed=0x00 e6=0
  CTRL post-clear t=33.0 slot=6 ed=0x00 e6=0
  ROUTER t=33.0 slot=6 name='Marche' ea=0x00 ed=0x00 e6=0 ct=1000 runtime
  BRANCH t=33.1 slot=6 name='Marche' -> ai_path_0x0809E3BA (ea=0x00)
  CTRL pre-clear t=33.2 slot=3 name='Schneider' ed=0x00 e6=0
  CTRL post-clear t=33.2 slot=3 ed=0x00 e6=0
  ROUTER t=33.3 slot=3 name='Schneider' ea=0x00 ed=0x00 e6=0 ct=1000 runtime
  BRANCH t=33.3 slot=3 name='Schneider' -> ai_path_0x0809E3BA (ea=0x00)
  CTRL pre-clear t=33.4 slot=4 name='Carson' ed=0x00 e6=0
  CTRL post-clear t=33.5 slot=4 ed=0x00 e6=0
  ROUTER t=33.5 slot=4 name='Carson' ea=0x00 ed=0x00 e6=0 ct=1000 runtime
  BRANCH t=33.6 slot=4 name='Carson' -> ai_path_0x0809E3BA (ea=0x00)
  CTRL pre-clear t=33.7 slot=2 name='Godfrey' ed=0x00 e6=0
  CTRL post-clear t=33.7 slot=2 ed=0x00 e6=0
  ROUTER t=33.8 slot=2 name='Godfrey' ea=0x00 ed=0x00 e6=0 ct=1000 runtime
  BRANCH t=33.8 slot=2 name='Godfrey' -> ai_path_0x0809E3BA (ea=0x00)
  CTRL pre-clear t=34.0 slot=0 name='Jon' ed=0x00 e6=0
  CTRL post-clear t=34.0 slot=0 ed=0x00 e6=0
  ROUTER t=34.1 slot=0 name='Jon' ea=0x00 ed=0x00 e6=0 ct=1000 runtime
  BRANCH t=34.1 slot=0 name='Jon' -> ai_path_0x0809E3BA (ea=0x00)
  CTRL pre-clear t=34.2 slot=1 name='Velasquez' ed=0x00 e6=0
  CTRL post-clear t=34.3 slot=1 ed=0x00 e6=0
  ROUTER t=34.3 slot=1 name='Velasquez' ea=0x00 ed=0x00 e6=0 ct=1000 runtime
  BRANCH t=34.4 slot=1 name='Velasquez' -> ai_path_0x0809E3BA (ea=0x00)
  CTRL pre-clear t=34.5 slot=6 name='Marche' ed=0x00 e6=0
  CTRL post-clear t=34.5 slot=6 ed=0x00 e6=0
  ROUTER t=34.6 slot=6 name='Marche' ea=0x00 ed=0x00 e6=0 ct=1000 runtime
  BRANCH t=34.6 slot=6 name='Marche' -> ai_path_0x0809E3BA (ea=0x00)
  CTRL pre-clear t=34.7 slot=5 name='Judge' ed=0x00 e6=0
  CTRL post-clear t=34.8 slot=5 ed=0x00 e6=0
  ROUTER t=34.8 slot=5 name='Judge' ea=0x00 ed=0x00 e6=0 ct=1000 runtime
  BRANCH t=34.9 slot=5 name='Judge' -> ai_path_0x0809E3BA (ea=0x00)
  CTRL pre-clear t=35.0 slot=3 name='Schneider' ed=0x00 e6=0
  CTRL post-clear t=35.0 slot=3 ed=0x00 e6=0
  ROUTER t=35.1 slot=3 name='Schneider' ea=0x00 ed=0x00 e6=0 ct=1000 runtime
  BRANCH t=35.1 slot=3 name='Schneider' -> ai_path_0x0809E3BA (ea=0x00)
  CTRL pre-clear t=35.2 slot=4 name='Carson' ed=0x00 e6=0
  CTRL post-clear t=35.3 slot=4 ed=0x00 e6=0
  ROUTER t=35.3 slot=4 name='Carson' ea=0x00 ed=0x00 e6=0 ct=1000 runtime
  BRANCH t=35.4 slot=4 name='Carson' -> ai_path_0x0809E3BA (ea=0x00)
  CTRL pre-clear t=35.5 slot=2 name='Godfrey' ed=0x00 e6=0
  CTRL post-clear t=35.5 slot=2 ed=0x00 e6=0
  ROUTER t=35.6 slot=2 name='Godfrey' ea=0x00 ed=0x00 e6=0 ct=1000 runtime
  BRANCH t=35.6 slot=2 name='Godfrey' -> ai_path_0x0809E3BA (ea=0x00)
  CTRL pre-clear t=35.7 slot=1 name='Velasquez' ed=0x00 e6=0
  CTRL post-clear t=35.8 slot=1 ed=0x00 e6=0
  ROUTER t=35.8 slot=1 name='Velasquez' ea=0x00 ed=0x00 e6=0 ct=1000 runtime
  BRANCH t=35.9 slot=1 name='Velasquez' -> ai_path_0x0809E3BA (ea=0x00)
  CTRL pre-clear t=36.0 slot=0 name='Jon' ed=0x00 e6=0
  CTRL post-clear t=36.0 slot=0 ed=0x00 e6=0
  ROUTER t=36.1 slot=0 name='Jon' ea=0x00 ed=0x00 e6=0 ct=1000 runtime
  BRANCH t=36.1 slot=0 name='Jon' -> ai_path_0x0809E3BA (ea=0x00)
  CTRL pre-clear t=36.2 slot=6 name='Marche' ed=0x00 e6=0
  CTRL post-clear t=36.3 slot=6 ed=0x00 e6=0
  ROUTER t=36.3 slot=6 name='Marche' ea=0x00 ed=0x00 e6=0 ct=1000 runtime
  BRANCH t=36.4 slot=6 name='Marche' -> ai_path_0x0809E3BA (ea=0x00)
  CTRL pre-clear t=36.5 slot=3 name='Schneider' ed=0x00 e6=0
  CTRL post-clear t=36.5 slot=3 ed=0x00 e6=0
  ROUTER t=36.6 slot=3 name='Schneider' ea=0x00 ed=0x00 e6=0 ct=1000 runtime
  BRANCH t=36.6 slot=3 name='Schneider' -> ai_path_0x0809E3BA (ea=0x00)
  CTRL pre-clear t=36.7 slot=2 name='Godfrey' ed=0x00 e6=0
  CTRL post-clear t=36.8 slot=2 ed=0x00 e6=0
  ROUTER t=36.8 slot=2 name='Godfrey' ea=0x00 ed=0x00 e6=0 ct=1000 runtime
  BRANCH t=36.9 slot=2 name='Godfrey' -> ai_path_0x0809E3BA (ea=0x00)
  CTRL pre-clear t=37.0 slot=4 name='Carson' ed=0x00 e6=0
  CTRL post-clear t=37.0 slot=4 ed=0x00 e6=0
  ROUTER t=37.1 slot=4 name='Carson' ea=0x00 ed=0x00 e6=0 ct=1000 runtime
  BRANCH t=37.1 slot=4 name='Carson' -> ai_path_0x0809E3BA (ea=0x00)
  CTRL pre-clear t=37.2 slot=1 name='Velasquez' ed=0x00 e6=0
  CTRL post-clear t=37.3 slot=1 ed=0x00 e6=0
  ROUTER t=37.4 slot=1 name='Velasquez' ea=0x00 ed=0x00 e6=0 ct=1000 runtime
  BRANCH t=37.4 slot=1 name='Velasquez' -> ai_path_0x0809E3BA (ea=0x00)
  SEED t=38.5 ctx=[{'off': -144, 'v': '02002fc4', 'slot': None, 'name': 'Velasquez'}, {'off': -80, 'v': '0201ff38', 'slot': None, 'name': None}, {'off': -60, 'v': '0201af18', 'slot': None, 'name': None}, {'off': -56, 'v': '0201b090', 'slot': None, 'name': None}, {'off': -16, 'v': '0201f134', 'slot': None, 'name': None}, {'off': 0, 'v': '020030cc', 'slot': None, 'name': 'Godfrey'}] runtime
  CTRL pre-clear t=55.5 slot=2 name='Godfrey' ed=0x00 e6=0
  CTRL post-clear t=55.5 slot=2 ed=0x00 e6=0
  ROUTER t=55.6 slot=2 name='Godfrey' ea=0x00 ed=0x00 e6=0 ct=1000 runtime
  BRANCH t=55.6 slot=2 name='Godfrey' -> ai_path_0x0809E3BA (ea=0x00)
  CTRL pre-clear t=55.7 slot=1 name='Velasquez' ed=0x00 e6=0
  CTRL post-clear t=55.8 slot=1 ed=0x00 e6=0
  ROUTER t=55.8 slot=1 name='Velasquez' ea=0x00 ed=0x00 e6=0 ct=1000 runtime
  BRANCH t=55.9 slot=1 name='Velasquez' -> ai_path_0x0809E3BA (ea=0x00)
  CTRL pre-clear t=56.0 slot=6 name='Marche' ed=0x00 e6=0
  CTRL post-clear t=56.0 slot=6 ed=0x00 e6=0
  ROUTER t=56.1 slot=6 name='Marche' ea=0x00 ed=0x00 e6=0 ct=1000 runtime
  BRANCH t=56.1 slot=6 name='Marche' -> ai_path_0x0809E3BA (ea=0x00)
  CTRL pre-clear t=56.2 slot=3 name='Schneider' ed=0x00 e6=0
  CTRL post-clear t=56.3 slot=3 ed=0x00 e6=0
  ROUTER t=56.3 slot=3 name='Schneider' ea=0x00 ed=0x00 e6=0 ct=1000 runtime
  BRANCH t=56.4 slot=3 name='Schneider' -> ai_path_0x0809E3BA (ea=0x00)
  CTRL pre-clear t=56.5 slot=4 name='Carson' ed=0x00 e6=0
  CTRL post-clear t=56.5 slot=4 ed=0x00 e6=0
  ROUTER t=56.6 slot=4 name='Carson' ea=0x00 ed=0x00 e6=0 ct=1000 runtime
  BRANCH t=56.6 slot=4 name='Carson' -> ai_path_0x0809E3BA (ea=0x00)
  CTRL pre-clear t=56.7 slot=2 name='Godfrey' ed=0x00 e6=0
  CTRL post-clear t=56.8 slot=2 ed=0x00 e6=0
  ROUTER t=56.8 slot=2 name='Godfrey' ea=0x00 ed=0x00 e6=0 ct=1000 runtime
  BRANCH t=56.9 slot=2 name='Godfrey' -> ai_path_0x0809E3BA (ea=0x00)
  CTRL pre-clear t=57.0 slot=0 name='Jon' ed=0x00 e6=0
  CTRL post-clear t=57.0 slot=0 ed=0x00 e6=0
  ROUTER t=57.1 slot=0 name='Jon' ea=0x00 ed=0x00 e6=0 ct=1000 runtime
  BRANCH t=57.2 slot=0 name='Jon' -> ai_path_0x0809E3BA (ea=0x00)
  CTRL pre-clear t=57.3 slot=1 name='Velasquez' ed=0x00 e6=0
  CTRL post-clear t=57.3 slot=1 ed=0x00 e6=0
  ROUTER t=57.4 slot=1 name='Velasquez' ea=0x00 ed=0x00 e6=0 ct=1000 runtime
  BRANCH t=57.4 slot=1 name='Velasquez' -> ai_path_0x0809E3BA (ea=0x00)
  CTRL pre-clear t=57.5 slot=6 name='Marche' ed=0x00 e6=0
  CTRL post-clear t=57.6 slot=6 ed=0x00 e6=0
  ROUTER t=57.6 slot=6 name='Marche' ea=0x00 ed=0x00 e6=0 ct=1000 runtime
  BRANCH t=57.7 slot=6 name='Marche' -> ai_path_0x0809E3BA (ea=0x00)
  CTRL pre-clear t=57.8 slot=5 name='Judge' ed=0x00 e6=0
  CTRL post-clear t=57.8 slot=5 ed=0x00 e6=0
  ROUTER t=57.9 slot=5 name='Judge' ea=0x00 ed=0x00 e6=0 ct=1000 runtime
  BRANCH t=57.9 slot=5 name='Judge' -> ai_path_0x0809E3BA (ea=0x00)
  CTRL pre-clear t=58.0 slot=3 name='Schneider' ed=0x00 e6=0
  CTRL post-clear t=58.1 slot=3 ed=0x00 e6=0
  ROUTER t=58.1 slot=3 name='Schneider' ea=0x00 ed=0x00 e6=0 ct=1000 runtime
  BRANCH t=58.2 slot=3 name='Schneider' -> ai_path_0x0809E3BA (ea=0x00)
  CTRL pre-clear t=58.3 slot=4 name='Carson' ed=0x00 e6=0
  CTRL post-clear t=58.3 slot=4 ed=0x00 e6=0
  ROUTER t=58.4 slot=4 name='Carson' ea=0x00 ed=0x00 e6=0 ct=1000 runtime
  BRANCH t=58.4 slot=4 name='Carson' -> ai_path_0x0809E3BA (ea=0x00)
  CTRL pre-clear t=58.5 slot=2 name='Godfrey' ed=0x00 e6=0
  CTRL post-clear t=58.6 slot=2 ed=0x00 e6=0
  ROUTER t=58.6 slot=2 name='Godfrey' ea=0x00 ed=0x00 e6=0 ct=1000 runtime
  BRANCH t=58.7 slot=2 name='Godfrey' -> ai_path_0x0809E3BA (ea=0x00)
  CTRL pre-clear t=58.8 slot=1 name='Velasquez' ed=0x00 e6=0
  CTRL post-clear t=58.8 slot=1 ed=0x00 e6=0
  ROUTER t=58.9 slot=1 name='Velasquez' ea=0x00 ed=0x00 e6=0 ct=1000 runtime
  BRANCH t=58.9 slot=1 name='Velasquez' -> ai_path_0x0809E3BA (ea=0x00)
  CTRL pre-clear t=59.0 slot=0 name='Jon' ed=0x00 e6=0
  CTRL post-clear t=59.1 slot=0 ed=0x00 e6=0
  ROUTER t=59.1 slot=0 name='Jon' ea=0x00 ed=0x00 e6=0 ct=1000 runtime
  BRANCH t=59.2 slot=0 name='Jon' -> ai_path_0x0809E3BA (ea=0x00)
  CTRL pre-clear t=59.3 slot=6 name='Marche' ed=0x00 e6=0
  CTRL post-clear t=59.3 slot=6 ed=0x00 e6=0
  ROUTER t=59.4 slot=6 name='Marche' ea=0x00 ed=0x00 e6=0 ct=1000 runtime
  BRANCH t=59.4 slot=6 name='Marche' -> ai_path_0x0809E3BA (ea=0x00)
  CTRL pre-clear t=59.5 slot=3 name='Schneider' ed=0x00 e6=0
  CTRL post-clear t=59.6 slot=3 ed=0x00 e6=0
  ROUTER t=59.6 slot=3 name='Schneider' ea=0x00 ed=0x00 e6=0 ct=1000 runtime
  BRANCH t=59.7 slot=3 name='Schneider' -> ai_path_0x0809E3BA (ea=0x00)
  CTRL pre-clear t=59.8 slot=2 name='Godfrey' ed=0x00 e6=0
  CTRL post-clear t=59.8 slot=2 ed=0x00 e6=0
  ROUTER t=59.9 slot=2 name='Godfrey' ea=0x00 ed=0x00 e6=0 ct=1000 runtime
  BRANCH t=59.9 slot=2 name='Godfrey' -> ai_path_0x0809E3BA (ea=0x00)
  CTRL pre-clear t=60.0 slot=4 name='Carson' ed=0x00 e6=0
  CTRL post-clear t=60.1 slot=4 ed=0x00 e6=0
  ROUTER t=60.1 slot=4 name='Carson' ea=0x00 ed=0x00 e6=0 ct=1000 runtime
  BRANCH t=60.2 slot=4 name='Carson' -> ai_path_0x0809E3BA (ea=0x00)
  CTRL pre-clear t=60.3 slot=1 name='Velasquez' ed=0x00 e6=0
  CTRL post-clear t=60.3 slot=1 ed=0x00 e6=0
  ROUTER t=60.4 slot=1 name='Velasquez' ea=0x00 ed=0x00 e6=0 ct=1000 runtime
  BRANCH t=60.4 slot=1 name='Velasquez' -> ai_path_0x0809E3BA (ea=0x00)
  CTRL pre-clear t=61.0 slot=1 name='Velasquez' ed=0x00 e6=0
  CTRL post-clear t=61.0 slot=1 ed=0x00 e6=0
  ROUTER t=61.1 slot=1 name='Velasquez' ea=0x00 ed=0x00 e6=0 ct=1000 runtime
  BRANCH t=61.1 slot=1 name='Velasquez' -> ai_path_0x0809E3BA (ea=0x00)
  CTRL pre-clear t=61.2 slot=1 name='Velasquez' ed=0x00 e6=0
  CTRL post-clear t=61.3 slot=1 ed=0x00 e6=0
  ROUTER t=61.3 slot=1 name='Velasquez' ea=0x00 ed=0x00 e6=0 ct=1000 runtime
  BRANCH t=61.4 slot=1 name='Velasquez' -> ai_path_0x0809E3BA (ea=0x00)
  CTRL pre-clear t=61.5 slot=6 name='Marche' ed=0x00 e6=0
  CTRL post-clear t=61.5 slot=6 ed=0x00 e6=0
  ROUTER t=61.6 slot=6 name='Marche' ea=0x00 ed=0x00 e6=0 ct=1000 runtime
  BRANCH t=61.7 slot=6 name='Marche' -> ai_path_0x0809E3BA (ea=0x00)
  CTRL pre-clear t=61.8 slot=3 name='Schneider' ed=0x00 e6=0
  CTRL post-clear t=61.8 slot=3 ed=0x00 e6=0
  ROUTER t=61.9 slot=3 name='Schneider' ea=0x00 ed=0x00 e6=0 ct=1000 runtime
  BRANCH t=61.9 slot=3 name='Schneider' -> ai_path_0x0809E3BA (ea=0x00)
  CTRL pre-clear t=62.0 slot=4 name='Carson' ed=0x00 e6=0
  CTRL post-clear t=62.1 slot=4 ed=0x00 e6=0
  ROUTER t=62.1 slot=4 name='Carson' ea=0x00 ed=0x00 e6=0 ct=1000 runtime
  BRANCH t=62.2 slot=4 name='Carson' -> ai_path_0x0809E3BA (ea=0x00)
  CTRL pre-clear t=62.3 slot=2 name='Godfrey' ed=0x00 e6=0
  CTRL post-clear t=62.3 slot=2 ed=0x00 e6=0
  CTRL post-clear t=62.4 slot=2 ed=0x00 e6=0
  ROUTER t=62.4 slot=2 name='Godfrey' ea=0x00 ed=0x00 e6=0 ct=1000 runtime
  BRANCH t=62.5 slot=2 name='Godfrey' -> ai_path_0x0809E3BA (ea=0x00)
  CTRL pre-clear t=62.6 slot=0 name='Jon' ed=0x00 e6=0
  CTRL post-clear t=62.6 slot=0 ed=0x00 e6=0
  ROUTER t=62.7 slot=0 name='Jon' ea=0x00 ed=0x00 e6=0 ct=1000 runtime
  BRANCH t=62.7 slot=0 name='Jon' -> ai_path_0x0809E3BA (ea=0x00)
  CTRL pre-clear t=62.8 slot=1 name='Velasquez' ed=0x00 e6=0
  CTRL post-clear t=62.9 slot=1 ed=0x00 e6=0
  ROUTER t=62.9 slot=1 name='Velasquez' ea=0x00 ed=0x00 e6=0 ct=1000 runtime
  BRANCH t=63.0 slot=1 name='Velasquez' -> ai_path_0x0809E3BA (ea=0x00)
  CTRL pre-clear t=63.1 slot=6 name='Marche' ed=0x00 e6=0
  CTRL post-clear t=63.1 slot=6 ed=0x00 e6=0
  ROUTER t=63.2 slot=6 name='Marche' ea=0x00 ed=0x00 e6=0 ct=1000 runtime
  BRANCH t=63.2 slot=6 name='Marche' -> ai_path_0x0809E3BA (ea=0x00)
  CTRL pre-clear t=63.3 slot=5 name='Judge' ed=0x00 e6=0
  CTRL post-clear t=63.4 slot=5 ed=0x00 e6=0
  ROUTER t=63.4 slot=5 name='Judge' ea=0x00 ed=0x00 e6=0 ct=1000 runtime
  BRANCH t=63.5 slot=5 name='Judge' -> ai_path_0x0809E3BA (ea=0x00)
  CTRL pre-clear t=63.6 slot=3 name='Schneider' ed=0x00 e6=0
  CTRL post-clear t=63.6 slot=3 ed=0x00 e6=0
  ROUTER t=63.7 slot=3 name='Schneider' ea=0x00 ed=0x00 e6=0 ct=1000 runtime
  BRANCH t=63.7 slot=3 name='Schneider' -> ai_path_0x0809E3BA (ea=0x00)
  CTRL pre-clear t=63.8 slot=4 name='Carson' ed=0x00 e6=0
  CTRL post-clear t=63.9 slot=4 ed=0x00 e6=0
  ROUTER t=63.9 slot=4 name='Carson' ea=0x00 ed=0x00 e6=0 ct=1000 runtime
  BRANCH t=64.0 slot=4 name='Carson' -> ai_path_0x0809E3BA (ea=0x00)
  CTRL pre-clear t=64.1 slot=2 name='Godfrey' ed=0x00 e6=0
  CTRL post-clear t=64.1 slot=2 ed=0x00 e6=0
  ROUTER t=64.2 slot=2 name='Godfrey' ea=0x00 ed=0x00 e6=0 ct=1000 runtime
  BRANCH t=64.2 slot=2 name='Godfrey' -> ai_path_0x0809E3BA (ea=0x00)
  CTRL pre-clear t=64.3 slot=1 name='Velasquez' ed=0x00 e6=0
  CTRL post-clear t=64.4 slot=1 ed=0x00 e6=0
  ROUTER t=64.4 slot=1 name='Velasquez' ea=0x00 ed=0x00 e6=0 ct=1000 runtime
  BRANCH t=64.5 slot=1 name='Velasquez' -> ai_path_0x0809E3BA (ea=0x00)
  CTRL pre-clear t=64.6 slot=0 name='Jon' ed=0x00 e6=0
  CTRL post-clear t=64.6 slot=0 ed=0x00 e6=0
  ROUTER t=64.7 slot=0 name='Jon' ea=0x00 ed=0x00 e6=0 ct=1000 runtime
  BRANCH t=64.7 slot=0 name='Jon' -> ai_path_0x0809E3BA (ea=0x00)
  CTRL pre-clear t=64.8 slot=6 name='Marche' ed=0x00 e6=0
  CTRL post-clear t=64.9 slot=6 ed=0x00 e6=0
  ROUTER t=64.9 slot=6 name='Marche' ea=0x00 ed=0x00 e6=0 ct=1000 runtime
  BRANCH t=65.0 slot=6 name='Marche' -> ai_path_0x0809E3BA (ea=0x00)
  CTRL pre-clear t=65.1 slot=3 name='Schneider' ed=0x00 e6=0
  CTRL post-clear t=65.2 slot=3 ed=0x00 e6=0
  ROUTER t=65.2 slot=3 name='Schneider' ea=0x00 ed=0x00 e6=0 ct=1000 runtime
  BRANCH t=65.3 slot=3 name='Schneider' -> ai_path_0x0809E3BA (ea=0x00)
  CTRL pre-clear t=65.4 slot=2 name='Godfrey' ed=0x00 e6=0
  CTRL post-clear t=65.4 slot=2 ed=0x00 e6=0
  ROUTER t=65.5 slot=2 name='Godfrey' ea=0x00 ed=0x00 e6=0 ct=1000 runtime
  BRANCH t=65.5 slot=2 name='Godfrey' -> ai_path_0x0809E3BA (ea=0x00)
  CTRL pre-clear t=65.6 slot=4 name='Carson' ed=0x00 e6=0
  CTRL post-clear t=65.7 slot=4 ed=0x00 e6=0
  ROUTER t=65.7 slot=4 name='Carson' ea=0x00 ed=0x00 e6=0 ct=1000 runtime
  BRANCH t=65.8 slot=4 name='Carson' -> ai_path_0x0809E3BA (ea=0x00)
  CTRL pre-clear t=65.9 slot=1 name='Velasquez' ed=0x00 e6=0
  CTRL post-clear t=65.9 slot=1 ed=0x00 e6=0
  ROUTER t=66.0 slot=1 name='Velasquez' ea=0x00 ed=0x00 e6=0 ct=1000 runtime
  BRANCH t=66.0 slot=1 name='Velasquez' -> ai_path_0x0809E3BA (ea=0x00)
  CTRL pre-clear t=66.1 slot=6 name='Marche' ed=0x00 e6=0
  CTRL post-clear t=66.2 slot=6 ed=0x00 e6=0
  ROUTER t=66.2 slot=6 name='Marche' ea=0x00 ed=0x00 e6=0 ct=1000 runtime
  BRANCH t=66.3 slot=6 name='Marche' -> ai_path_0x0809E3BA (ea=0x00)
  SEED t=67.4 ctx=[{'off': 0, 'v': '02002fc4', 'slot': None, 'name': 'Velasquez'}] runtime
  CTRL pre-clear t=73.1 slot=6 name='Marche' ed=0x00 e6=0
  CTRL post-clear t=73.2 slot=6 ed=0x00 e6=0
  ROUTER t=73.2 slot=6 name='Marche' ea=0x00 ed=0x00 e6=0 ct=1000 runtime
  BRANCH t=73.3 slot=6 name='Marche' -> ai_path_0x0809E3BA (ea=0x00)
  CTRL pre-clear t=73.4 slot=6 name='Marche' ed=0x00 e6=0
  CTRL post-clear t=73.4 slot=6 ed=0x00 e6=0
  ROUTER t=73.5 slot=6 name='Marche' ea=0x00 ed=0x00 e6=0 ct=1000 runtime
  BRANCH t=73.5 slot=6 name='Marche' -> ai_path_0x0809E3BA (ea=0x00)
  CTRL pre-clear t=73.6 slot=3 name='Schneider' ed=0x00 e6=0
  CTRL post-clear t=73.7 slot=3 ed=0x00 e6=0
  ROUTER t=73.7 slot=3 name='Schneider' ea=0x00 ed=0x00 e6=0 ct=1000 runtime
  BRANCH t=73.8 slot=3 name='Schneider' -> ai_path_0x0809E3BA (ea=0x00)
  CTRL pre-clear t=73.9 slot=4 name='Carson' ed=0x00 e6=0
  CTRL post-clear t=73.9 slot=4 ed=0x00 e6=0
  ROUTER t=74.0 slot=4 name='Carson' ea=0x00 ed=0x00 e6=0 ct=1000 runtime
  BRANCH t=74.0 slot=4 name='Carson' -> ai_path_0x0809E3BA (ea=0x00)
  CTRL pre-clear t=74.1 slot=2 name='Godfrey' ed=0x00 e6=0
  CTRL post-clear t=74.2 slot=2 ed=0x00 e6=0
  ROUTER t=74.2 slot=2 name='Godfrey' ea=0x00 ed=0x00 e6=0 ct=1000 runtime
  BRANCH t=74.3 slot=2 name='Godfrey' -> ai_path_0x0809E3BA (ea=0x00)
  CTRL pre-clear t=74.4 slot=1 name='Velasquez' ed=0x00 e6=0
  CTRL post-clear t=74.4 slot=1 ed=0x00 e6=0
  ROUTER t=74.5 slot=1 name='Velasquez' ea=0x00 ed=0x00 e6=0 ct=1000 runtime
  BRANCH t=74.5 slot=1 name='Velasquez' -> ai_path_0x0809E3BA (ea=0x00)
  CTRL pre-clear t=74.6 slot=0 name='Jon' ed=0x00 e6=0
  CTRL post-clear t=74.7 slot=0 ed=0x00 e6=0
  ROUTER t=74.7 slot=0 name='Jon' ea=0x00 ed=0x00 e6=0 ct=1000 runtime
  BRANCH t=74.8 slot=0 name='Jon' -> ai_path_0x0809E3BA (ea=0x00)
  CTRL pre-clear t=74.9 slot=6 name='Marche' ed=0x00 e6=0
  CTRL post-clear t=74.9 slot=6 ed=0x00 e6=0
  ROUTER t=75.0 slot=6 name='Marche' ea=0x00 ed=0x00 e6=0 ct=1000 runtime
  BRANCH t=75.0 slot=6 name='Marche' -> ai_path_0x0809E3BA (ea=0x00)
  CTRL pre-clear t=75.1 slot=5 name='Judge' ed=0x00 e6=0
  CTRL post-clear t=75.2 slot=5 ed=0x00 e6=0
  ROUTER t=75.2 slot=5 name='Judge' ea=0x00 ed=0x00 e6=0 ct=1000 runtime
  BRANCH t=75.3 slot=5 name='Judge' -> ai_path_0x0809E3BA (ea=0x00)
  CTRL pre-clear t=75.4 slot=3 name='Schneider' ed=0x00 e6=0
  CTRL post-clear t=75.4 slot=3 ed=0x00 e6=0
  ROUTER t=75.5 slot=3 name='Schneider' ea=0x00 ed=0x00 e6=0 ct=1000 runtime
  BRANCH t=75.5 slot=3 name='Schneider' -> ai_path_0x0809E3BA (ea=0x00)
  CTRL pre-clear t=75.6 slot=4 name='Carson' ed=0x00 e6=0
  CTRL post-clear t=75.7 slot=4 ed=0x00 e6=0
  ROUTER t=75.7 slot=4 name='Carson' ea=0x00 ed=0x00 e6=0 ct=1000 runtime
  BRANCH t=75.8 slot=4 name='Carson' -> ai_path_0x0809E3BA (ea=0x00)
  CTRL pre-clear t=75.9 slot=2 name='Godfrey' ed=0x00 e6=0
  CTRL post-clear t=75.9 slot=2 ed=0x00 e6=0
  ROUTER t=76.0 slot=2 name='Godfrey' ea=0x00 ed=0x00 e6=0 ct=1000 runtime
  BRANCH t=76.0 slot=2 name='Godfrey' -> ai_path_0x0809E3BA (ea=0x00)
  CTRL pre-clear t=76.1 slot=1 name='Velasquez' ed=0x00 e6=0
  CTRL post-clear t=76.2 slot=1 ed=0x00 e6=0
  ROUTER t=76.3 slot=1 name='Velasquez' ea=0x00 ed=0x00 e6=0 ct=1000 runtime
  BRANCH t=76.3 slot=1 name='Velasquez' -> ai_path_0x0809E3BA (ea=0x00)
  CTRL pre-clear t=76.4 slot=6 name='Marche' ed=0x00 e6=0
  CTRL post-clear t=76.5 slot=6 ed=0x00 e6=0
  ROUTER t=76.5 slot=6 name='Marche' ea=0x00 ed=0x00 e6=0 ct=1000 runtime
  BRANCH t=76.6 slot=6 name='Marche' -> ai_path_0x0809E3BA (ea=0x00)
  CTRL pre-clear t=76.7 slot=0 name='Jon' ed=0x00 e6=0
  CTRL post-clear t=76.7 slot=0 ed=0x00 e6=0
  ROUTER t=76.8 slot=0 name='Jon' ea=0x00 ed=0x00 e6=0 ct=1000 runtime
  BRANCH t=76.8 slot=0 name='Jon' -> ai_path_0x0809E3BA (ea=0x00)
  CTRL pre-clear t=76.9 slot=3 name='Schneider' ed=0x00 e6=0
  CTRL post-clear t=77.0 slot=3 ed=0x00 e6=0
  ROUTER t=77.0 slot=3 name='Schneider' ea=0x00 ed=0x00 e6=0 ct=1000 runtime
  BRANCH t=77.1 slot=3 name='Schneider' -> ai_path_0x0809E3BA (ea=0x00)
  CTRL pre-clear t=77.2 slot=2 name='Godfrey' ed=0x00 e6=0
  CTRL post-clear t=77.2 slot=2 ed=0x00 e6=0
  ROUTER t=77.3 slot=2 name='Godfrey' ea=0x00 ed=0x00 e6=0 ct=1000 runtime
  BRANCH t=77.3 slot=2 name='Godfrey' -> ai_path_0x0809E3BA (ea=0x00)
  CTRL pre-clear t=77.4 slot=4 name='Carson' ed=0x00 e6=0
  CTRL post-clear t=77.5 slot=4 ed=0x00 e6=0
  ROUTER t=77.5 slot=4 name='Carson' ea=0x00 ed=0x00 e6=0 ct=1000 runtime
  BRANCH t=77.6 slot=4 name='Carson' -> ai_path_0x0809E3BA (ea=0x00)
  CTRL pre-clear t=77.7 slot=1 name='Velasquez' ed=0x00 e6=0
  CTRL post-clear t=77.7 slot=1 ed=0x00 e6=0
  ROUTER t=77.8 slot=1 name='Velasquez' ea=0x00 ed=0x00 e6=0 ct=1000 runtime
  BRANCH t=77.8 slot=1 name='Velasquez' -> ai_path_0x0809E3BA (ea=0x00)
  CTRL pre-clear t=77.9 slot=6 name='Marche' ed=0x00 e6=0
  CTRL post-clear t=78.0 slot=6 ed=0x00 e6=0
  ROUTER t=78.0 slot=6 name='Marche' ea=0x00 ed=0x00 e6=0 ct=1000 runtime
  BRANCH t=78.1 slot=6 name='Marche' -> ai_path_0x0809E3BA (ea=0x00)
  CTRL pre-clear t=78.2 slot=2 name='Godfrey' ed=0x00 e6=0
  CTRL post-clear t=78.2 slot=2 ed=0x00 e6=0
  ROUTER t=78.3 slot=2 name='Godfrey' ea=0x00 ed=0x00 e6=0 ct=1000 runtime
  BRANCH t=78.3 slot=2 name='Godfrey' -> ai_path_0x0809E3BA (ea=0x00)
  EV {"t": 92.0, "kind": "boundary", "scenario": "normal-battle", "turn": null, "actor": "Marche", "actor_slot": 6, "control_mode": "external", "selected_action": null, "selected_target": null, "position_before": {"x": 4, "y": 11}, "position_after": null, "state": "takeover", "seeds": 3, "router_hits": 104, "note": "outputs/autobattle\\a51-live-manual-05\\boundary-turn1.png", "input_log": null, "actor_identity": {"name_text": "Marche", "id": 6, "job": 2, "side_bit": false, "addr": "02016018"}, "engine_result": null, "next_actor": null}
  key 0x01 x5 c2:open-target t=93.4
  key 0x80 x5 c2:step-down t=96.5
  key 0x10 x5 c2:step-right t=99.1
  key 0x01 x5 c2:confirm-move t=101.8
  key 0x80 x5 c2:wait-nav-down t=104.8
  key 0x80 x5 c2:wait-nav-down t=109.5
  key 0x80 x5 c2:wait-nav-down t=114.1
  key 0x80 x5 c2:wait-nav-down t=118.8
  key 0x80 x5 c2:wait-nav-down t=123.4
  key 0x02 x5 c3:backout-0 t=126.1
  key 0x80 x5 c3:backout-echo-0 t=129.1
  key 0x02 x5 c3:backout-1 t=131.8
  key 0x80 x5 c3:backout-echo-1 t=134.8
  key 0x80 x5 c2:wait-nav2-down t=137.4
  key 0x01 x5 c2:select-wait t=140.1
  key 0x01 x5 c2:confirm-wait t=142.7
  CTRL post-clear t=144.4 slot=3 ed=0x00 e6=0
  ROUTER t=144.4 slot=3 name='Schneider' ea=0x00 ed=0x00 e6=0 ct=1000 result-copy
  BRANCH t=144.5 slot=3 name='Schneider' -> ai_path_0x0809E3BA (ea=0x00)
  CTRL pre-clear t=144.6 slot=3 name='Schneider' ed=0x00 e6=0
  CTRL post-clear t=144.6 slot=3 ed=0x00 e6=0
  ROUTER t=144.7 slot=3 name='Schneider' ea=0x00 ed=0x00 e6=0 ct=1000 result-copy
  BRANCH t=144.7 slot=3 name='Schneider' -> ai_path_0x0809E3BA (ea=0x00)
  CTRL pre-clear t=144.8 slot=4 name='Carson' ed=0x00 e6=0
  CTRL post-clear t=144.9 slot=4 ed=0x00 e6=0
  ROUTER t=144.9 slot=4 name='Carson' ea=0x00 ed=0x00 e6=0 ct=1000 result-copy
  BRANCH t=145.0 slot=4 name='Carson' -> ai_path_0x0809E3BA (ea=0x00)
  CTRL pre-clear t=145.1 slot=2 name='Godfrey' ed=0x00 e6=0
  CTRL post-clear t=145.1 slot=2 ed=0x00 e6=0
  ROUTER t=145.2 slot=2 name='Godfrey' ea=0x00 ed=0x00 e6=0 ct=1000 result-copy
  BRANCH t=145.2 slot=2 name='Godfrey' -> ai_path_0x0809E3BA (ea=0x00)
  CTRL pre-clear t=145.3 slot=1 name='Velasquez' ed=0x00 e6=0
  CTRL post-clear t=145.4 slot=1 ed=0x00 e6=0
  ROUTER t=145.4 slot=1 name='Velasquez' ea=0x00 ed=0x00 e6=0 ct=1000 result-copy
  BRANCH t=145.5 slot=1 name='Velasquez' -> ai_path_0x0809E3BA (ea=0x00)
  CTRL pre-clear t=145.6 slot=6 name='Marche' ed=0x00 e6=0
  CTRL post-clear t=145.6 slot=6 ed=0x00 e6=0
  ROUTER t=145.7 slot=6 name='Marche' ea=0x00 ed=0x00 e6=0 ct=1000 result-copy
  BRANCH t=145.7 slot=6 name='Marche' -> ai_path_0x0809E3BA (ea=0x00)
  CTRL pre-clear t=145.8 slot=0 name='Jon' ed=0x00 e6=0
  CTRL post-clear t=145.9 slot=0 ed=0x00 e6=0
  ROUTER t=145.9 slot=0 name='Jon' ea=0x00 ed=0x00 e6=0 ct=1000 result-copy
  BRANCH t=146.0 slot=0 name='Jon' -> ai_path_0x0809E3BA (ea=0x00)
  CTRL pre-clear t=146.1 slot=5 name='Judge' ed=0x00 e6=0
  CTRL post-clear t=146.1 slot=5 ed=0x00 e6=0
  ROUTER t=146.2 slot=5 name='Judge' ea=0x00 ed=0x00 e6=0 ct=1000 result-copy
  BRANCH t=146.2 slot=5 name='Judge' -> ai_path_0x0809E3BA (ea=0x00)
  CTRL pre-clear t=146.3 slot=3 name='Schneider' ed=0x00 e6=0
  CTRL post-clear t=146.4 slot=3 ed=0x00 e6=0
  ROUTER t=146.4 slot=3 name='Schneider' ea=0x00 ed=0x00 e6=0 ct=1000 progress
  BRANCH t=146.5 slot=3 name='Schneider' -> ai_path_0x0809E3BA (ea=0x00)
  CTRL pre-clear t=146.6 slot=4 name='Carson' ed=0x00 e6=0
  CTRL post-clear t=146.6 slot=4 ed=0x00 e6=0
  ROUTER t=146.7 slot=4 name='Carson' ea=0x00 ed=0x00 e6=0 ct=1000 progress
  BRANCH t=146.7 slot=4 name='Carson' -> ai_path_0x0809E3BA (ea=0x00)
  CTRL pre-clear t=146.8 slot=2 name='Godfrey' ed=0x00 e6=0
  CTRL post-clear t=146.9 slot=2 ed=0x00 e6=0
  ROUTER t=147.0 slot=2 name='Godfrey' ea=0x00 ed=0x00 e6=0 ct=1000 progress
  BRANCH t=147.0 slot=2 name='Godfrey' -> ai_path_0x0809E3BA (ea=0x00)
  CTRL pre-clear t=147.1 slot=1 name='Velasquez' ed=0x00 e6=0
  CTRL post-clear t=147.2 slot=1 ed=0x00 e6=0
  ROUTER t=147.2 slot=1 name='Velasquez' ea=0x00 ed=0x00 e6=0 ct=1000 progress
  BRANCH t=147.3 slot=1 name='Velasquez' -> ai_path_0x0809E3BA (ea=0x00)
  CTRL pre-clear t=147.4 slot=6 name='Marche' ed=0x00 e6=0
  CTRL post-clear t=147.4 slot=6 ed=0x00 e6=0
  ROUTER t=147.5 slot=6 name='Marche' ea=0x00 ed=0x00 e6=0 ct=1000 progress
  BRANCH t=147.5 slot=6 name='Marche' -> ai_path_0x0809E3BA (ea=0x00)
  CTRL pre-clear t=147.6 slot=0 name='Jon' ed=0x00 e6=0
  CTRL post-clear t=147.7 slot=0 ed=0x00 e6=0
  ROUTER t=147.7 slot=0 name='Jon' ea=0x00 ed=0x00 e6=0 ct=1000 progress
  BRANCH t=147.8 slot=0 name='Jon' -> ai_path_0x0809E3BA (ea=0x00)
  CTRL pre-clear t=147.9 slot=3 name='Schneider' ed=0x00 e6=0
  CTRL post-clear t=147.9 slot=3 ed=0x00 e6=0
  ROUTER t=148.0 slot=3 name='Schneider' ea=0x00 ed=0x00 e6=0 ct=1000 progress
  BRANCH t=148.0 slot=3 name='Schneider' -> ai_path_0x0809E3BA (ea=0x00)
  CTRL pre-clear t=148.1 slot=2 name='Godfrey' ed=0x00 e6=0
  CTRL post-clear t=148.2 slot=2 ed=0x00 e6=0
  ROUTER t=148.2 slot=2 name='Godfrey' ea=0x00 ed=0x00 e6=0 ct=1000 progress
  BRANCH t=148.3 slot=2 name='Godfrey' -> ai_path_0x0809E3BA (ea=0x00)
  CTRL pre-clear t=148.4 slot=4 name='Carson' ed=0x00 e6=0
  CTRL post-clear t=148.4 slot=4 ed=0x00 e6=0
  ROUTER t=148.5 slot=4 name='Carson' ea=0x00 ed=0x00 e6=0 ct=1000 progress
  BRANCH t=148.5 slot=4 name='Carson' -> ai_path_0x0809E3BA (ea=0x00)
  CTRL pre-clear t=148.6 slot=1 name='Velasquez' ed=0x00 e6=0
  CTRL post-clear t=148.7 slot=1 ed=0x00 e6=0
  ROUTER t=148.7 slot=1 name='Velasquez' ea=0x00 ed=0x00 e6=0 ct=1000 progress
  BRANCH t=148.8 slot=1 name='Velasquez' -> ai_path_0x0809E3BA (ea=0x00)
  CTRL pre-clear t=148.9 slot=6 name='Marche' ed=0x00 e6=0
  CTRL post-clear t=148.9 slot=6 ed=0x00 e6=0
  ROUTER t=149.0 slot=6 name='Marche' ea=0x00 ed=0x00 e6=0 ct=1000 progress
  BRANCH t=149.0 slot=6 name='Marche' -> ai_path_0x0809E3BA (ea=0x00)
  CTRL pre-clear t=149.1 slot=2 name='Godfrey' ed=0x00 e6=0
  CTRL post-clear t=149.2 slot=2 ed=0x00 e6=0
  ROUTER t=149.2 slot=2 name='Godfrey' ea=0x00 ed=0x00 e6=0 ct=1000 progress
  BRANCH t=149.3 slot=2 name='Godfrey' -> ai_path_0x0809E3BA (ea=0x00)
  CTRL pre-clear t=149.4 slot=3 name='Schneider' ed=0x00 e6=0
  CTRL post-clear t=149.4 slot=3 ed=0x00 e6=0
  ROUTER t=149.5 slot=3 name='Schneider' ea=0x00 ed=0x00 e6=0 ct=1000 progress
  BRANCH t=149.5 slot=3 name='Schneider' -> ai_path_0x0809E3BA (ea=0x00)
  SEED t=150.7 ctx=[{'off': -144, 'v': '020032dc', 'slot': None, 'name': 'Carson'}, {'off': -80, 'v': '02020334', 'slot': None, 'name': None}, {'off': -16, 'v': '0201f134', 'slot': None, 'name': None}, {'off': 0, 'v': '020033e4', 'slot': None, 'name': 'Schneider'}] progress
  EV {"t": 156.8, "kind": "turn", "scenario": "normal-battle", "turn": 1, "actor": "Marche", "actor_slot": 6, "control_mode": "external", "selected_action": {"kind": "identified-wait", "command_id": 2, "dest": null, "from": [4, 11]}, "selected_target": null, "position_before": {"x": 4, "y": 11}, "position_after": {"x": 4, "y": 11}, "state": "takeover", "seeds": 4, "router_hits": 125, "note": "committed via identified-wait: cmd cursor 2 read from RAM before input", "input_log": null, "actor_identity": {"name_text": "Marche", "id": 6, "job": 2, "side_bit": false, "addr": "02016018"}, "engine_result": {"verified": true, "moved_actors": [], "players_before": [{"slot": 6, "addr": "02016018", "name": 33562396, "side_raw": 129, "ct": 188, "ea": 0, "id": 6, "type": 2, "base_job": 80, "race": 1, "job": 2, "level": 50, "hp": 339, "max_hp": 442, "mp": 85, "max_mp": 85, "is_rom_name": false, "is_ram_name": true, "name_text": "Marche", "side_bit": false, "unaffiliated": false, "live": true, "x": 4, "y": 11}], "players_after": [{"slot": 6, "addr": "02016018", "name": 33562396, "side_raw": 129, "ct": 257, "ea": 0, "id": 6, "type": 2, "base_job": 80, "race": 1, "job": 2, "level": 50, "hp": 339, "max_hp": 442, "mp": 85, "max_mp": 85, "is_rom_name": false, "is_ram_name": true, "name_text": "Marche", "side_bit": false, "unaffiliated": false, "live": true, "x": 4, "y": 11}]}, "next_actor": {"source": "sequencer actor context", "name": "Schneider", "id": 3, "job": 36, "side_bit": true}}
  CTRL pre-clear t=157.5 slot=4 name='Carson' ed=0x00 e6=0
  CTRL post-clear t=157.6 slot=4 ed=0x00 e6=0
  ROUTER t=157.6 slot=4 name='Carson' ea=0x00 ed=0x00 e6=0 ct=1000 runtime
  BRANCH t=157.7 slot=4 name='Carson' -> ai_path_0x0809E3BA (ea=0x00)
  CTRL pre-clear t=157.8 slot=4 name='Carson' ed=0x00 e6=0
  CTRL post-clear t=157.8 slot=4 ed=0x00 e6=0
  ROUTER t=157.9 slot=4 name='Carson' ea=0x00 ed=0x00 e6=0 ct=1000 runtime
  BRANCH t=157.9 slot=4 name='Carson' -> ai_path_0x0809E3BA (ea=0x00)
  CTRL pre-clear t=158.0 slot=2 name='Godfrey' ed=0x00 e6=0
  CTRL post-clear t=158.1 slot=2 ed=0x00 e6=0
  ROUTER t=158.1 slot=2 name='Godfrey' ea=0x00 ed=0x00 e6=0 ct=1000 runtime
  BRANCH t=158.2 slot=2 name='Godfrey' -> ai_path_0x0809E3BA (ea=0x00)
  CTRL pre-clear t=158.3 slot=1 name='Velasquez' ed=0x00 e6=0
  CTRL post-clear t=158.3 slot=1 ed=0x00 e6=0
  ROUTER t=158.4 slot=1 name='Velasquez' ea=0x00 ed=0x00 e6=0 ct=1000 runtime
  BRANCH t=158.4 slot=1 name='Velasquez' -> ai_path_0x0809E3BA (ea=0x00)
  CTRL pre-clear t=158.5 slot=6 name='Marche' ed=0x00 e6=0
  CTRL post-clear t=158.6 slot=6 ed=0x00 e6=0
  ROUTER t=158.6 slot=6 name='Marche' ea=0x00 ed=0x00 e6=0 ct=1000 runtime
  BRANCH t=158.7 slot=6 name='Marche' -> ai_path_0x0809E3BA (ea=0x00)
  CTRL pre-clear t=158.8 slot=0 name='Jon' ed=0x00 e6=0
  CTRL post-clear t=158.8 slot=0 ed=0x00 e6=0
  ROUTER t=158.9 slot=0 name='Jon' ea=0x00 ed=0x00 e6=0 ct=1000 runtime
  BRANCH t=158.9 slot=0 name='Jon' -> ai_path_0x0809E3BA (ea=0x00)
  CTRL pre-clear t=159.0 slot=3 name='Schneider' ed=0x00 e6=0
  CTRL post-clear t=159.1 slot=3 ed=0x00 e6=0
  ROUTER t=159.1 slot=3 name='Schneider' ea=0x00 ed=0x00 e6=0 ct=1000 runtime
  BRANCH t=159.2 slot=3 name='Schneider' -> ai_path_0x0809E3BA (ea=0x00)
  CTRL pre-clear t=159.3 slot=5 name='Judge' ed=0x00 e6=0
  CTRL post-clear t=159.4 slot=5 ed=0x00 e6=0
  ROUTER t=159.4 slot=5 name='Judge' ea=0x00 ed=0x00 e6=0 ct=1000 runtime
  BRANCH t=159.5 slot=5 name='Judge' -> ai_path_0x0809E3BA (ea=0x00)
  CTRL pre-clear t=159.6 slot=4 name='Carson' ed=0x00 e6=0
  CTRL post-clear t=159.6 slot=4 ed=0x00 e6=0
  ROUTER t=159.7 slot=4 name='Carson' ea=0x00 ed=0x00 e6=0 ct=1000 runtime
  BRANCH t=159.7 slot=4 name='Carson' -> ai_path_0x0809E3BA (ea=0x00)
  CTRL pre-clear t=159.8 slot=2 name='Godfrey' ed=0x00 e6=0
  CTRL post-clear t=159.9 slot=2 ed=0x00 e6=0
  ROUTER t=159.9 slot=2 name='Godfrey' ea=0x00 ed=0x00 e6=0 ct=1000 runtime
  BRANCH t=160.0 slot=2 name='Godfrey' -> ai_path_0x0809E3BA (ea=0x00)
  CTRL pre-clear t=160.1 slot=1 name='Velasquez' ed=0x00 e6=0
  CTRL post-clear t=160.1 slot=1 ed=0x00 e6=0
  ROUTER t=160.2 slot=1 name='Velasquez' ea=0x00 ed=0x00 e6=0 ct=1000 runtime
  BRANCH t=160.2 slot=1 name='Velasquez' -> ai_path_0x0809E3BA (ea=0x00)
  CTRL pre-clear t=160.3 slot=6 name='Marche' ed=0x00 e6=0
  CTRL post-clear t=160.4 slot=6 ed=0x00 e6=0
  ROUTER t=160.4 slot=6 name='Marche' ea=0x00 ed=0x00 e6=0 ct=1000 runtime
  BRANCH t=160.5 slot=6 name='Marche' -> ai_path_0x0809E3BA (ea=0x00)
  CTRL pre-clear t=160.6 slot=3 name='Schneider' ed=0x00 e6=0
  CTRL post-clear t=160.6 slot=3 ed=0x00 e6=0
  ROUTER t=160.7 slot=3 name='Schneider' ea=0x00 ed=0x00 e6=0 ct=1000 runtime
  BRANCH t=160.7 slot=3 name='Schneider' -> ai_path_0x0809E3BA (ea=0x00)
  CTRL pre-clear t=160.8 slot=0 name='Jon' ed=0x00 e6=0
  CTRL post-clear t=160.9 slot=0 ed=0x00 e6=0
  ROUTER t=160.9 slot=0 name='Jon' ea=0x00 ed=0x00 e6=0 ct=1000 runtime
  BRANCH t=161.0 slot=0 name='Jon' -> ai_path_0x0809E3BA (ea=0x00)
  CTRL pre-clear t=161.1 slot=2 name='Godfrey' ed=0x00 e6=0
  CTRL post-clear t=161.1 slot=2 ed=0x00 e6=0
  ROUTER t=161.2 slot=2 name='Godfrey' ea=0x00 ed=0x00 e6=0 ct=1000 runtime
  BRANCH t=161.2 slot=2 name='Godfrey' -> ai_path_0x0809E3BA (ea=0x00)
  CTRL pre-clear t=161.3 slot=4 name='Carson' ed=0x00 e6=0
  CTRL post-clear t=161.4 slot=4 ed=0x00 e6=0
  ROUTER t=161.4 slot=4 name='Carson' ea=0x00 ed=0x00 e6=0 ct=1000 runtime
  BRANCH t=161.5 slot=4 name='Carson' -> ai_path_0x0809E3BA (ea=0x00)
  CTRL pre-clear t=161.6 slot=1 name='Velasquez' ed=0x00 e6=0
  CTRL post-clear t=161.6 slot=1 ed=0x00 e6=0
  ROUTER t=161.7 slot=1 name='Velasquez' ea=0x00 ed=0x00 e6=0 ct=1000 runtime
  BRANCH t=161.7 slot=1 name='Velasquez' -> ai_path_0x0809E3BA (ea=0x00)
  CTRL pre-clear t=161.8 slot=6 name='Marche' ed=0x00 e6=0
  CTRL post-clear t=161.9 slot=6 ed=0x00 e6=0
  ROUTER t=161.9 slot=6 name='Marche' ea=0x00 ed=0x00 e6=0 ct=1000 runtime
  BRANCH t=162.0 slot=6 name='Marche' -> ai_path_0x0809E3BA (ea=0x00)
  CTRL pre-clear t=162.1 slot=3 name='Schneider' ed=0x00 e6=0
  CTRL post-clear t=162.1 slot=3 ed=0x00 e6=0
  ROUTER t=162.2 slot=3 name='Schneider' ea=0x00 ed=0x00 e6=0 ct=1000 runtime
  BRANCH t=162.2 slot=3 name='Schneider' -> ai_path_0x0809E3BA (ea=0x00)
  CTRL pre-clear t=162.3 slot=2 name='Godfrey' ed=0x00 e6=0
  CTRL post-clear t=162.4 slot=2 ed=0x00 e6=0
  ROUTER t=162.4 slot=2 name='Godfrey' ea=0x00 ed=0x00 e6=0 ct=1000 runtime
  BRANCH t=162.5 slot=2 name='Godfrey' -> ai_path_0x0809E3BA (ea=0x00)
  CTRL pre-clear t=162.6 slot=0 name='Jon' ed=0x00 e6=0
  CTRL post-clear t=162.6 slot=0 ed=0x00 e6=0
  ROUTER t=162.7 slot=0 name='Jon' ea=0x00 ed=0x00 e6=0 ct=1000 runtime
  BRANCH t=162.8 slot=0 name='Jon' -> ai_path_0x0809E3BA (ea=0x00)
  SEED t=163.8 ctx=[{'off': -144, 'v': '020031d4', 'slot': None, 'name': 'Jon'}, {'off': -80, 'v': '020201e0', 'slot': None, 'name': None}, {'off': -60, 'v': '0201b4f8', 'slot': None, 'name': None}, {'off': -56, 'v': '0201b670', 'slot': None, 'name': None}, {'off': -16, 'v': '0201f134', 'slot': None, 'name': None}, {'off': 0, 'v': '020032dc', 'slot': None, 'name': 'Carson'}] runtime
  CTRL pre-clear t=169.4 slot=2 name='Godfrey' ed=0x00 e6=0
  CTRL post-clear t=169.4 slot=2 ed=0x00 e6=0
  ROUTER t=169.5 slot=2 name='Godfrey' ea=0x00 ed=0x00 e6=0 ct=1000 runtime
  BRANCH t=169.5 slot=2 name='Godfrey' -> ai_path_0x0809E3BA (ea=0x00)
  CTRL pre-clear t=169.6 slot=2 name='Godfrey' ed=0x00 e6=0
  CTRL post-clear t=169.7 slot=2 ed=0x00 e6=0
  ROUTER t=169.7 slot=2 name='Godfrey' ea=0x00 ed=0x00 e6=0 ct=1000 runtime
  BRANCH t=169.8 slot=2 name='Godfrey' -> ai_path_0x0809E3BA (ea=0x00)
  CTRL pre-clear t=169.9 slot=1 name='Velasquez' ed=0x00 e6=0
  CTRL post-clear t=169.9 slot=1 ed=0x00 e6=0
  ROUTER t=170.0 slot=1 name='Velasquez' ea=0x00 ed=0x00 e6=0 ct=1000 runtime
  BRANCH t=170.0 slot=1 name='Velasquez' -> ai_path_0x0809E3BA (ea=0x00)
  CTRL pre-clear t=170.1 slot=6 name='Marche' ed=0x00 e6=0
  CTRL post-clear t=170.2 slot=6 ed=0x00 e6=0
  ROUTER t=170.2 slot=6 name='Marche' ea=0x00 ed=0x00 e6=0 ct=1000 runtime
  BRANCH t=170.3 slot=6 name='Marche' -> ai_path_0x0809E3BA (ea=0x00)
  CTRL pre-clear t=170.4 slot=0 name='Jon' ed=0x00 e6=0
  CTRL post-clear t=170.4 slot=0 ed=0x00 e6=0
  ROUTER t=170.5 slot=0 name='Jon' ea=0x00 ed=0x00 e6=0 ct=1000 runtime
  BRANCH t=170.5 slot=0 name='Jon' -> ai_path_0x0809E3BA (ea=0x00)
  CTRL pre-clear t=170.6 slot=3 name='Schneider' ed=0x00 e6=0
  CTRL post-clear t=170.7 slot=3 ed=0x00 e6=0
  ROUTER t=170.7 slot=3 name='Schneider' ea=0x00 ed=0x00 e6=0 ct=1000 runtime
  BRANCH t=170.8 slot=3 name='Schneider' -> ai_path_0x0809E3BA (ea=0x00)
  CTRL pre-clear t=170.9 slot=4 name='Carson' ed=0x00 e6=0
  CTRL post-clear t=171.0 slot=4 ed=0x00 e6=0
  ROUTER t=171.0 slot=4 name='Carson' ea=0x00 ed=0x00 e6=0 ct=1000 runtime
  BRANCH t=171.1 slot=4 name='Carson' -> ai_path_0x0809E3BA (ea=0x00)
  CTRL pre-clear t=171.2 slot=5 name='Judge' ed=0x00 e6=0
  CTRL post-clear t=171.2 slot=5 ed=0x00 e6=0
  ROUTER t=171.3 slot=5 name='Judge' ea=0x00 ed=0x00 e6=0 ct=1000 runtime
  BRANCH t=171.3 slot=5 name='Judge' -> ai_path_0x0809E3BA (ea=0x00)
  CTRL pre-clear t=171.4 slot=2 name='Godfrey' ed=0x00 e6=0
  CTRL post-clear t=171.5 slot=2 ed=0x00 e6=0
  ROUTER t=171.5 slot=2 name='Godfrey' ea=0x00 ed=0x00 e6=0 ct=1000 runtime
  BRANCH t=171.6 slot=2 name='Godfrey' -> ai_path_0x0809E3BA (ea=0x00)
  CTRL pre-clear t=171.7 slot=1 name='Velasquez' ed=0x00 e6=0
  CTRL post-clear t=171.7 slot=1 ed=0x00 e6=0
  ROUTER t=171.8 slot=1 name='Velasquez' ea=0x00 ed=0x00 e6=0 ct=1000 runtime
  BRANCH t=171.8 slot=1 name='Velasquez' -> ai_path_0x0809E3BA (ea=0x00)
  CTRL pre-clear t=171.9 slot=6 name='Marche' ed=0x00 e6=0
  CTRL post-clear t=172.0 slot=6 ed=0x00 e6=0
  ROUTER t=172.0 slot=6 name='Marche' ea=0x00 ed=0x00 e6=0 ct=1000 runtime
  BRANCH t=172.1 slot=6 name='Marche' -> ai_path_0x0809E3BA (ea=0x00)
  CTRL pre-clear t=172.2 slot=3 name='Schneider' ed=0x00 e6=0
  CTRL post-clear t=172.2 slot=3 ed=0x00 e6=0
  ROUTER t=172.3 slot=3 name='Schneider' ea=0x00 ed=0x00 e6=0 ct=1000 runtime
  BRANCH t=172.3 slot=3 name='Schneider' -> ai_path_0x0809E3BA (ea=0x00)
  CTRL pre-clear t=172.4 slot=0 name='Jon' ed=0x00 e6=0
  CTRL post-clear t=172.5 slot=0 ed=0x00 e6=0
  ROUTER t=172.5 slot=0 name='Jon' ea=0x00 ed=0x00 e6=0 ct=1000 runtime
  BRANCH t=172.6 slot=0 name='Jon' -> ai_path_0x0809E3BA (ea=0x00)
  CTRL pre-clear t=172.7 slot=4 name='Carson' ed=0x00 e6=0
  CTRL post-clear t=172.7 slot=4 ed=0x00 e6=0
  ROUTER t=172.8 slot=4 name='Carson' ea=0x00 ed=0x00 e6=0 ct=1000 runtime
  BRANCH t=172.8 slot=4 name='Carson' -> ai_path_0x0809E3BA (ea=0x00)
  CTRL pre-clear t=172.9 slot=2 name='Godfrey' ed=0x00 e6=0
  CTRL post-clear t=173.0 slot=2 ed=0x00 e6=0
  ROUTER t=173.0 slot=2 name='Godfrey' ea=0x00 ed=0x00 e6=0 ct=1000 runtime
  BRANCH t=173.1 slot=2 name='Godfrey' -> ai_path_0x0809E3BA (ea=0x00)
  CTRL pre-clear t=173.2 slot=1 name='Velasquez' ed=0x00 e6=0
  CTRL post-clear t=173.2 slot=1 ed=0x00 e6=0
  ROUTER t=173.3 slot=1 name='Velasquez' ea=0x00 ed=0x00 e6=0 ct=1000 runtime
  BRANCH t=173.3 slot=1 name='Velasquez' -> ai_path_0x0809E3BA (ea=0x00)
  CTRL pre-clear t=173.4 slot=6 name='Marche' ed=0x00 e6=0
  CTRL post-clear t=173.5 slot=6 ed=0x00 e6=0
  ROUTER t=173.5 slot=6 name='Marche' ea=0x00 ed=0x00 e6=0 ct=1000 runtime
  BRANCH t=173.6 slot=6 name='Marche' -> ai_path_0x0809E3BA (ea=0x00)
  CTRL pre-clear t=173.7 slot=3 name='Schneider' ed=0x00 e6=0
  CTRL post-clear t=173.7 slot=3 ed=0x00 e6=0
  ROUTER t=173.8 slot=3 name='Schneider' ea=0x00 ed=0x00 e6=0 ct=1000 runtime
  BRANCH t=173.8 slot=3 name='Schneider' -> ai_path_0x0809E3BA (ea=0x00)
  CTRL pre-clear t=173.9 slot=2 name='Godfrey' ed=0x00 e6=0
  CTRL post-clear t=174.0 slot=2 ed=0x00 e6=0
  ROUTER t=174.0 slot=2 name='Godfrey' ea=0x00 ed=0x00 e6=0 ct=1000 runtime
  BRANCH t=174.1 slot=2 name='Godfrey' -> ai_path_0x0809E3BA (ea=0x00)
  CTRL pre-clear t=174.2 slot=4 name='Carson' ed=0x00 e6=0
  CTRL post-clear t=174.2 slot=4 ed=0x00 e6=0
  ROUTER t=174.3 slot=4 name='Carson' ea=0x00 ed=0x00 e6=0 ct=1000 runtime
  BRANCH t=174.4 slot=4 name='Carson' -> ai_path_0x0809E3BA (ea=0x00)
  CTRL pre-clear t=174.5 slot=0 name='Jon' ed=0x00 e6=0
  CTRL post-clear t=174.5 slot=0 ed=0x00 e6=0
  ROUTER t=174.6 slot=0 name='Jon' ea=0x00 ed=0x00 e6=0 ct=1000 runtime
  BRANCH t=174.6 slot=0 name='Jon' -> ai_path_0x0809E3BA (ea=0x00)
  SEED t=175.5 ctx=[{'off': -144, 'v': '02002fc4', 'slot': None, 'name': 'Velasquez'}, {'off': -80, 'v': '0201ff38', 'slot': None, 'name': None}, {'off': -60, 'v': '0201af18', 'slot': None, 'name': None}, {'off': -56, 'v': '0201b090', 'slot': None, 'name': None}, {'off': -16, 'v': '0201f134', 'slot': None, 'name': None}, {'off': 0, 'v': '020030cc', 'slot': None, 'name': 'Godfrey'}] runtime
  CTRL pre-clear t=189.9 slot=2 name='Godfrey' ed=0x00 e6=0
  CTRL post-clear t=189.9 slot=2 ed=0x00 e6=0
  ROUTER t=190.0 slot=2 name='Godfrey' ea=0x00 ed=0x00 e6=0 ct=1000 runtime
  BRANCH t=190.0 slot=2 name='Godfrey' -> ai_path_0x0809E3BA (ea=0x00)
  CTRL pre-clear t=190.1 slot=1 name='Velasquez' ed=0x00 e6=0
  CTRL post-clear t=190.2 slot=1 ed=0x00 e6=0
  ROUTER t=190.2 slot=1 name='Velasquez' ea=0x00 ed=0x00 e6=0 ct=1000 runtime
  BRANCH t=190.3 slot=1 name='Velasquez' -> ai_path_0x0809E3BA (ea=0x00)
  CTRL pre-clear t=190.4 slot=6 name='Marche' ed=0x00 e6=0
  CTRL post-clear t=190.4 slot=6 ed=0x00 e6=0
  ROUTER t=190.5 slot=6 name='Marche' ea=0x00 ed=0x00 e6=0 ct=1000 runtime
  BRANCH t=190.5 slot=6 name='Marche' -> ai_path_0x0809E3BA (ea=0x00)
  CTRL pre-clear t=190.7 slot=0 name='Jon' ed=0x00 e6=0
  CTRL post-clear t=190.7 slot=0 ed=0x00 e6=0
  ROUTER t=190.8 slot=0 name='Jon' ea=0x00 ed=0x00 e6=0 ct=1000 runtime
  BRANCH t=190.8 slot=0 name='Jon' -> ai_path_0x0809E3BA (ea=0x00)
  CTRL pre-clear t=190.9 slot=3 name='Schneider' ed=0x00 e6=0
  CTRL post-clear t=191.0 slot=3 ed=0x00 e6=0
  ROUTER t=191.0 slot=3 name='Schneider' ea=0x00 ed=0x00 e6=0 ct=1000 runtime
  BRANCH t=191.1 slot=3 name='Schneider' -> ai_path_0x0809E3BA (ea=0x00)
  CTRL pre-clear t=191.2 slot=4 name='Carson' ed=0x00 e6=0
  CTRL post-clear t=191.2 slot=4 ed=0x00 e6=0
  ROUTER t=191.3 slot=4 name='Carson' ea=0x00 ed=0x00 e6=0 ct=1000 runtime
  BRANCH t=191.3 slot=4 name='Carson' -> ai_path_0x0809E3BA (ea=0x00)
  CTRL pre-clear t=191.4 slot=5 name='Judge' ed=0x00 e6=0
  CTRL post-clear t=191.5 slot=5 ed=0x00 e6=0
  ROUTER t=191.5 slot=5 name='Judge' ea=0x00 ed=0x00 e6=0 ct=1000 runtime
  BRANCH t=191.6 slot=5 name='Judge' -> ai_path_0x0809E3BA (ea=0x00)
  CTRL pre-clear t=191.7 slot=2 name='Godfrey' ed=0x00 e6=0
  CTRL post-clear t=191.7 slot=2 ed=0x00 e6=0
  ROUTER t=191.8 slot=2 name='Godfrey' ea=0x00 ed=0x00 e6=0 ct=1000 runtime
  BRANCH t=191.8 slot=2 name='Godfrey' -> ai_path_0x0809E3BA (ea=0x00)
  CTRL pre-clear t=191.9 slot=1 name='Velasquez' ed=0x00 e6=0
  CTRL post-clear t=192.0 slot=1 ed=0x00 e6=0
  ROUTER t=192.0 slot=1 name='Velasquez' ea=0x00 ed=0x00 e6=0 ct=1000 runtime
  BRANCH t=192.1 slot=1 name='Velasquez' -> ai_path_0x0809E3BA (ea=0x00)
  CTRL pre-clear t=192.2 slot=6 name='Marche' ed=0x00 e6=0
  CTRL post-clear t=192.2 slot=6 ed=0x00 e6=0
  ROUTER t=192.3 slot=6 name='Marche' ea=0x00 ed=0x00 e6=0 ct=1000 runtime
  BRANCH t=192.3 slot=6 name='Marche' -> ai_path_0x0809E3BA (ea=0x00)
  CTRL pre-clear t=192.4 slot=3 name='Schneider' ed=0x00 e6=0
  CTRL post-clear t=192.5 slot=3 ed=0x00 e6=0
  ROUTER t=192.5 slot=3 name='Schneider' ea=0x00 ed=0x00 e6=0 ct=1000 runtime
  BRANCH t=192.6 slot=3 name='Schneider' -> ai_path_0x0809E3BA (ea=0x00)
  CTRL pre-clear t=192.7 slot=0 name='Jon' ed=0x00 e6=0
  CTRL post-clear t=192.7 slot=0 ed=0x00 e6=0
  ROUTER t=192.8 slot=0 name='Jon' ea=0x00 ed=0x00 e6=0 ct=1000 runtime
  BRANCH t=192.8 slot=0 name='Jon' -> ai_path_0x0809E3BA (ea=0x00)
  CTRL pre-clear t=192.9 slot=4 name='Carson' ed=0x00 e6=0
  CTRL post-clear t=193.0 slot=4 ed=0x00 e6=0
  ROUTER t=193.0 slot=4 name='Carson' ea=0x00 ed=0x00 e6=0 ct=1000 runtime
  BRANCH t=193.1 slot=4 name='Carson' -> ai_path_0x0809E3BA (ea=0x00)
  CTRL pre-clear t=193.2 slot=2 name='Godfrey' ed=0x00 e6=0
  CTRL post-clear t=193.2 slot=2 ed=0x00 e6=0
  ROUTER t=193.3 slot=2 name='Godfrey' ea=0x00 ed=0x00 e6=0 ct=1000 runtime
  BRANCH t=193.3 slot=2 name='Godfrey' -> ai_path_0x0809E3BA (ea=0x00)
  CTRL pre-clear t=193.4 slot=1 name='Velasquez' ed=0x00 e6=0
  CTRL post-clear t=193.5 slot=1 ed=0x00 e6=0
  ROUTER t=193.5 slot=1 name='Velasquez' ea=0x00 ed=0x00 e6=0 ct=1000 runtime
  BRANCH t=193.6 slot=1 name='Velasquez' -> ai_path_0x0809E3BA (ea=0x00)
  CTRL pre-clear t=193.7 slot=6 name='Marche' ed=0x00 e6=0
  CTRL post-clear t=193.7 slot=6 ed=0x00 e6=0
  ROUTER t=193.8 slot=6 name='Marche' ea=0x00 ed=0x00 e6=0 ct=1000 runtime
  BRANCH t=193.8 slot=6 name='Marche' -> ai_path_0x0809E3BA (ea=0x00)
  CTRL pre-clear t=193.9 slot=3 name='Schneider' ed=0x00 e6=0
  CTRL post-clear t=194.0 slot=3 ed=0x00 e6=0
  ROUTER t=194.0 slot=3 name='Schneider' ea=0x00 ed=0x00 e6=0 ct=1000 runtime
  BRANCH t=194.1 slot=3 name='Schneider' -> ai_path_0x0809E3BA (ea=0x00)
  CTRL pre-clear t=194.2 slot=2 name='Godfrey' ed=0x00 e6=0
  CTRL post-clear t=194.2 slot=2 ed=0x00 e6=0
  ROUTER t=194.3 slot=2 name='Godfrey' ea=0x00 ed=0x00 e6=0 ct=1000 runtime
  BRANCH t=194.3 slot=2 name='Godfrey' -> ai_path_0x0809E3BA (ea=0x00)
  CTRL pre-clear t=194.4 slot=4 name='Carson' ed=0x00 e6=0
  CTRL post-clear t=194.5 slot=4 ed=0x00 e6=0
  ROUTER t=194.6 slot=4 name='Carson' ea=0x00 ed=0x00 e6=0 ct=1000 runtime
  BRANCH t=194.6 slot=4 name='Carson' -> ai_path_0x0809E3BA (ea=0x00)
  CTRL pre-clear t=194.7 slot=0 name='Jon' ed=0x00 e6=0
  CTRL post-clear t=194.8 slot=0 ed=0x00 e6=0
  ROUTER t=194.8 slot=0 name='Jon' ea=0x00 ed=0x00 e6=0 ct=1000 runtime
  BRANCH t=194.9 slot=0 name='Jon' -> ai_path_0x0809E3BA (ea=0x00)
  SEED t=195.6 ctx=[{'off': -144, 'v': '02002fc4', 'slot': None, 'name': 'Velasquez'}, {'off': -80, 'v': '0201ff38', 'slot': None, 'name': None}, {'off': -60, 'v': '0201af18', 'slot': None, 'name': None}, {'off': -56, 'v': '0201b090', 'slot': None, 'name': None}, {'off': -16, 'v': '0201f134', 'slot': None, 'name': None}, {'off': 0, 'v': '020030cc', 'slot': None, 'name': 'Godfrey'}] runtime
  CTRL pre-clear t=201.4 slot=1 name='Velasquez' ed=0x00 e6=0
  CTRL post-clear t=201.4 slot=1 ed=0x00 e6=0
  ROUTER t=201.5 slot=1 name='Velasquez' ea=0x00 ed=0x00 e6=0 ct=1000 runtime
  BRANCH t=201.5 slot=1 name='Velasquez' -> ai_path_0x0809E3BA (ea=0x00)
  CTRL pre-clear t=201.6 slot=1 name='Velasquez' ed=0x00 e6=0
  CTRL post-clear t=201.7 slot=1 ed=0x00 e6=0
  ROUTER t=201.7 slot=1 name='Velasquez' ea=0x00 ed=0x00 e6=0 ct=1000 runtime
  BRANCH t=201.8 slot=1 name='Velasquez' -> ai_path_0x0809E3BA (ea=0x00)
  CTRL pre-clear t=201.9 slot=6 name='Marche' ed=0x00 e6=0
  CTRL post-clear t=201.9 slot=6 ed=0x00 e6=0
  ROUTER t=202.0 slot=6 name='Marche' ea=0x00 ed=0x00 e6=0 ct=1000 runtime
  BRANCH t=202.0 slot=6 name='Marche' -> ai_path_0x0809E3BA (ea=0x00)
  CTRL pre-clear t=202.1 slot=0 name='Jon' ed=0x00 e6=0
  CTRL post-clear t=202.2 slot=0 ed=0x00 e6=0
  ROUTER t=202.2 slot=0 name='Jon' ea=0x00 ed=0x00 e6=0 ct=1000 runtime
  BRANCH t=202.3 slot=0 name='Jon' -> ai_path_0x0809E3BA (ea=0x00)
  CTRL pre-clear t=202.4 slot=3 name='Schneider' ed=0x00 e6=0
  CTRL post-clear t=202.4 slot=3 ed=0x00 e6=0
  ROUTER t=202.5 slot=3 name='Schneider' ea=0x00 ed=0x00 e6=0 ct=1000 runtime
  BRANCH t=202.5 slot=3 name='Schneider' -> ai_path_0x0809E3BA (ea=0x00)
  CTRL pre-clear t=202.6 slot=4 name='Carson' ed=0x00 e6=0
  CTRL post-clear t=202.7 slot=4 ed=0x00 e6=0
  ROUTER t=202.7 slot=4 name='Carson' ea=0x00 ed=0x00 e6=0 ct=1000 runtime
  BRANCH t=202.8 slot=4 name='Carson' -> ai_path_0x0809E3BA (ea=0x00)
  CTRL pre-clear t=202.9 slot=5 name='Judge' ed=0x00 e6=0
  CTRL post-clear t=202.9 slot=5 ed=0x00 e6=0
  ROUTER t=203.0 slot=5 name='Judge' ea=0x00 ed=0x00 e6=0 ct=1000 runtime
  BRANCH t=203.0 slot=5 name='Judge' -> ai_path_0x0809E3BA (ea=0x00)
  CTRL pre-clear t=203.1 slot=2 name='Godfrey' ed=0x00 e6=0
  CTRL post-clear t=203.2 slot=2 ed=0x00 e6=0
  ROUTER t=203.2 slot=2 name='Godfrey' ea=0x00 ed=0x00 e6=0 ct=1000 runtime
  BRANCH t=203.3 slot=2 name='Godfrey' -> ai_path_0x0809E3BA (ea=0x00)
  CTRL pre-clear t=203.4 slot=1 name='Velasquez' ed=0x00 e6=0
  CTRL post-clear t=203.4 slot=1 ed=0x00 e6=0
  ROUTER t=203.5 slot=1 name='Velasquez' ea=0x00 ed=0x00 e6=0 ct=1000 runtime
  BRANCH t=203.5 slot=1 name='Velasquez' -> ai_path_0x0809E3BA (ea=0x00)
  CTRL pre-clear t=203.6 slot=6 name='Marche' ed=0x00 e6=0
  CTRL post-clear t=203.7 slot=6 ed=0x00 e6=0
  ROUTER t=203.7 slot=6 name='Marche' ea=0x00 ed=0x00 e6=0 ct=1000 runtime
  BRANCH t=203.8 slot=6 name='Marche' -> ai_path_0x0809E3BA (ea=0x00)
  CTRL pre-clear t=203.9 slot=3 name='Schneider' ed=0x00 e6=0
  CTRL post-clear t=203.9 slot=3 ed=0x00 e6=0
  ROUTER t=204.0 slot=3 name='Schneider' ea=0x00 ed=0x00 e6=0 ct=1000 runtime
  BRANCH t=204.0 slot=3 name='Schneider' -> ai_path_0x0809E3BA (ea=0x00)
  CTRL pre-clear t=204.2 slot=0 name='Jon' ed=0x00 e6=0
  CTRL post-clear t=204.2 slot=0 ed=0x00 e6=0
  ROUTER t=204.3 slot=0 name='Jon' ea=0x00 ed=0x00 e6=0 ct=1000 runtime
  BRANCH t=204.3 slot=0 name='Jon' -> ai_path_0x0809E3BA (ea=0x00)
  CTRL pre-clear t=204.4 slot=4 name='Carson' ed=0x00 e6=0
  CTRL post-clear t=204.5 slot=4 ed=0x00 e6=0
  ROUTER t=204.5 slot=4 name='Carson' ea=0x00 ed=0x00 e6=0 ct=1000 runtime
  BRANCH t=204.6 slot=4 name='Carson' -> ai_path_0x0809E3BA (ea=0x00)
  CTRL pre-clear t=204.7 slot=2 name='Godfrey' ed=0x00 e6=0
  CTRL post-clear t=204.7 slot=2 ed=0x00 e6=0
  ROUTER t=204.8 slot=2 name='Godfrey' ea=0x00 ed=0x00 e6=0 ct=1000 runtime
  BRANCH t=204.8 slot=2 name='Godfrey' -> ai_path_0x0809E3BA (ea=0x00)
  CTRL pre-clear t=204.9 slot=1 name='Velasquez' ed=0x00 e6=0
  CTRL post-clear t=205.0 slot=1 ed=0x00 e6=0
  ROUTER t=205.0 slot=1 name='Velasquez' ea=0x00 ed=0x00 e6=0 ct=1000 runtime
  BRANCH t=205.1 slot=1 name='Velasquez' -> ai_path_0x0809E3BA (ea=0x00)
  CTRL pre-clear t=205.2 slot=6 name='Marche' ed=0x00 e6=0
  CTRL post-clear t=205.2 slot=6 ed=0x00 e6=0
  ROUTER t=205.3 slot=6 name='Marche' ea=0x00 ed=0x00 e6=0 ct=1000 runtime
  BRANCH t=205.3 slot=6 name='Marche' -> ai_path_0x0809E3BA (ea=0x00)
  CTRL pre-clear t=205.4 slot=3 name='Schneider' ed=0x00 e6=0
  CTRL post-clear t=205.5 slot=3 ed=0x00 e6=0
  ROUTER t=205.5 slot=3 name='Schneider' ea=0x00 ed=0x00 e6=0 ct=1000 runtime
  BRANCH t=205.6 slot=3 name='Schneider' -> ai_path_0x0809E3BA (ea=0x00)
  CTRL pre-clear t=205.7 slot=2 name='Godfrey' ed=0x00 e6=0
  CTRL post-clear t=205.7 slot=2 ed=0x00 e6=0
  ROUTER t=205.8 slot=2 name='Godfrey' ea=0x00 ed=0x00 e6=0 ct=1000 runtime
  BRANCH t=205.8 slot=2 name='Godfrey' -> ai_path_0x0809E3BA (ea=0x00)
  CTRL pre-clear t=205.9 slot=4 name='Carson' ed=0x00 e6=0
  CTRL post-clear t=206.0 slot=4 ed=0x00 e6=0
  ROUTER t=206.0 slot=4 name='Carson' ea=0x00 ed=0x00 e6=0 ct=1000 runtime
  BRANCH t=206.1 slot=4 name='Carson' -> ai_path_0x0809E3BA (ea=0x00)
  CTRL pre-clear t=206.2 slot=0 name='Jon' ed=0x00 e6=0
  CTRL post-clear t=206.2 slot=0 ed=0x00 e6=0
  ROUTER t=206.3 slot=0 name='Jon' ea=0x00 ed=0x00 e6=0 ct=1000 runtime
  BRANCH t=206.3 slot=0 name='Jon' -> ai_path_0x0809E3BA (ea=0x00)
  CTRL pre-clear t=206.4 slot=1 name='Velasquez' ed=0x00 e6=0
  CTRL post-clear t=206.5 slot=1 ed=0x00 e6=0
  ROUTER t=206.5 slot=1 name='Velasquez' ea=0x00 ed=0x00 e6=0 ct=1000 runtime
  BRANCH t=206.6 slot=1 name='Velasquez' -> ai_path_0x0809E3BA (ea=0x00)
  SEED t=207.6 ctx=[{'off': 0, 'v': '02002fc4', 'slot': None, 'name': 'Velasquez'}] runtime
  CTRL pre-clear t=224.9 slot=1 name='Velasquez' ed=0x00 e6=0
  CTRL post-clear t=224.9 slot=1 ed=0x00 e6=0
  ROUTER t=225.0 slot=1 name='Velasquez' ea=0x00 ed=0x00 e6=0 ct=1000 runtime
  BRANCH t=225.0 slot=1 name='Velasquez' -> ai_path_0x0809E3BA (ea=0x00)
  CTRL pre-clear t=225.1 slot=6 name='Marche' ed=0x00 e6=0
  CTRL post-clear t=225.2 slot=6 ed=0x00 e6=0
  ROUTER t=225.2 slot=6 name='Marche' ea=0x00 ed=0x00 e6=0 ct=1000 runtime
  BRANCH t=225.3 slot=6 name='Marche' -> ai_path_0x0809E3BA (ea=0x00)
  CTRL pre-clear t=225.4 slot=0 name='Jon' ed=0x00 e6=0
  CTRL post-clear t=225.4 slot=0 ed=0x00 e6=0
  ROUTER t=225.5 slot=0 name='Jon' ea=0x00 ed=0x00 e6=0 ct=1000 runtime
  BRANCH t=225.5 slot=0 name='Jon' -> ai_path_0x0809E3BA (ea=0x00)
  CTRL pre-clear t=225.7 slot=3 name='Schneider' ed=0x00 e6=0
  CTRL post-clear t=225.7 slot=3 ed=0x00 e6=0
  ROUTER t=225.8 slot=3 name='Schneider' ea=0x00 ed=0x00 e6=0 ct=1000 runtime
  BRANCH t=225.8 slot=3 name='Schneider' -> ai_path_0x0809E3BA (ea=0x00)
  CTRL pre-clear t=225.9 slot=4 name='Carson' ed=0x00 e6=0
  CTRL post-clear t=226.0 slot=4 ed=0x00 e6=0
  ROUTER t=226.0 slot=4 name='Carson' ea=0x00 ed=0x00 e6=0 ct=1000 runtime
  BRANCH t=226.1 slot=4 name='Carson' -> ai_path_0x0809E3BA (ea=0x00)
  CTRL pre-clear t=226.2 slot=5 name='Judge' ed=0x00 e6=0
  CTRL post-clear t=226.2 slot=5 ed=0x00 e6=0
  ROUTER t=226.3 slot=5 name='Judge' ea=0x00 ed=0x00 e6=0 ct=1000 runtime
  BRANCH t=226.3 slot=5 name='Judge' -> ai_path_0x0809E3BA (ea=0x00)
  CTRL pre-clear t=226.4 slot=2 name='Godfrey' ed=0x00 e6=0
  CTRL post-clear t=226.5 slot=2 ed=0x00 e6=0
  ROUTER t=226.5 slot=2 name='Godfrey' ea=0x00 ed=0x00 e6=0 ct=1000 runtime
  BRANCH t=226.6 slot=2 name='Godfrey' -> ai_path_0x0809E3BA (ea=0x00)
  CTRL pre-clear t=226.7 slot=1 name='Velasquez' ed=0x00 e6=0
  CTRL post-clear t=226.7 slot=1 ed=0x00 e6=0
  ROUTER t=226.8 slot=1 name='Velasquez' ea=0x00 ed=0x00 e6=0 ct=1000 runtime
  BRANCH t=226.8 slot=1 name='Velasquez' -> ai_path_0x0809E3BA (ea=0x00)
  CTRL pre-clear t=226.9 slot=6 name='Marche' ed=0x00 e6=0
  CTRL post-clear t=227.0 slot=6 ed=0x00 e6=0
  ROUTER t=227.0 slot=6 name='Marche' ea=0x00 ed=0x00 e6=0 ct=1000 runtime
  BRANCH t=227.1 slot=6 name='Marche' -> ai_path_0x0809E3BA (ea=0x00)
  CTRL pre-clear t=227.2 slot=3 name='Schneider' ed=0x00 e6=0
  CTRL post-clear t=227.2 slot=3 ed=0x00 e6=0
  ROUTER t=227.3 slot=3 name='Schneider' ea=0x00 ed=0x00 e6=0 ct=1000 runtime
  BRANCH t=227.3 slot=3 name='Schneider' -> ai_path_0x0809E3BA (ea=0x00)
  CTRL pre-clear t=227.4 slot=0 name='Jon' ed=0x00 e6=0
  CTRL post-clear t=227.5 slot=0 ed=0x00 e6=0
  ROUTER t=227.5 slot=0 name='Jon' ea=0x00 ed=0x00 e6=0 ct=1000 runtime
  BRANCH t=227.6 slot=0 name='Jon' -> ai_path_0x0809E3BA (ea=0x00)
  CTRL pre-clear t=227.7 slot=4 name='Carson' ed=0x00 e6=0
  CTRL post-clear t=227.7 slot=4 ed=0x00 e6=0
  ROUTER t=227.8 slot=4 name='Carson' ea=0x00 ed=0x00 e6=0 ct=1000 runtime
  BRANCH t=227.8 slot=4 name='Carson' -> ai_path_0x0809E3BA (ea=0x00)
  CTRL pre-clear t=227.9 slot=2 name='Godfrey' ed=0x00 e6=0
  CTRL post-clear t=228.0 slot=2 ed=0x00 e6=0
  ROUTER t=228.0 slot=2 name='Godfrey' ea=0x00 ed=0x00 e6=0 ct=1000 runtime
  BRANCH t=228.1 slot=2 name='Godfrey' -> ai_path_0x0809E3BA (ea=0x00)
  CTRL pre-clear t=228.2 slot=1 name='Velasquez' ed=0x00 e6=0
  CTRL post-clear t=228.2 slot=1 ed=0x00 e6=0
  ROUTER t=228.3 slot=1 name='Velasquez' ea=0x00 ed=0x00 e6=0 ct=1000 runtime
  BRANCH t=228.3 slot=1 name='Velasquez' -> ai_path_0x0809E3BA (ea=0x00)
  CTRL pre-clear t=228.4 slot=6 name='Marche' ed=0x00 e6=0
  CTRL post-clear t=228.5 slot=6 ed=0x00 e6=0
  ROUTER t=228.5 slot=6 name='Marche' ea=0x00 ed=0x00 e6=0 ct=1000 runtime
  BRANCH t=228.6 slot=6 name='Marche' -> ai_path_0x0809E3BA (ea=0x00)
  CTRL pre-clear t=228.7 slot=3 name='Schneider' ed=0x00 e6=0
  CTRL post-clear t=228.7 slot=3 ed=0x00 e6=0
  ROUTER t=228.8 slot=3 name='Schneider' ea=0x00 ed=0x00 e6=0 ct=1000 runtime
  BRANCH t=228.8 slot=3 name='Schneider' -> ai_path_0x0809E3BA (ea=0x00)
  CTRL pre-clear t=229.0 slot=2 name='Godfrey' ed=0x00 e6=0
  CTRL post-clear t=229.0 slot=2 ed=0x00 e6=0
  ROUTER t=229.1 slot=2 name='Godfrey' ea=0x00 ed=0x00 e6=0 ct=1000 runtime
  BRANCH t=229.1 slot=2 name='Godfrey' -> ai_path_0x0809E3BA (ea=0x00)
  CTRL pre-clear t=229.2 slot=4 name='Carson' ed=0x00 e6=0
  CTRL post-clear t=229.3 slot=4 ed=0x00 e6=0
  ROUTER t=229.3 slot=4 name='Carson' ea=0x00 ed=0x00 e6=0 ct=1000 runtime
  BRANCH t=229.4 slot=4 name='Carson' -> ai_path_0x0809E3BA (ea=0x00)
  CTRL pre-clear t=229.5 slot=0 name='Jon' ed=0x00 e6=0
  CTRL post-clear t=229.5 slot=0 ed=0x00 e6=0
  ROUTER t=229.6 slot=0 name='Jon' ea=0x00 ed=0x00 e6=0 ct=1000 runtime
  BRANCH t=229.6 slot=0 name='Jon' -> ai_path_0x0809E3BA (ea=0x00)
  CTRL pre-clear t=229.7 slot=1 name='Velasquez' ed=0x00 e6=0
  CTRL post-clear t=229.8 slot=1 ed=0x00 e6=0
  ROUTER t=229.8 slot=1 name='Velasquez' ea=0x00 ed=0x00 e6=0 ct=1000 runtime
  BRANCH t=229.9 slot=1 name='Velasquez' -> ai_path_0x0809E3BA (ea=0x00)
  CTRL pre-clear t=230.3 slot=6 name='Marche' ed=0x00 e6=0
  CTRL post-clear t=230.3 slot=6 ed=0x00 e6=0
  ROUTER t=230.4 slot=6 name='Marche' ea=0x00 ed=0x00 e6=0 ct=1000 runtime
  BRANCH t=230.4 slot=6 name='Marche' -> ai_path_0x0809E3BA (ea=0x00)
  CTRL pre-clear t=230.6 slot=6 name='Marche' ed=0x00 e6=0
  CTRL post-clear t=230.6 slot=6 ed=0x00 e6=0
  ROUTER t=230.7 slot=6 name='Marche' ea=0x00 ed=0x00 e6=0 ct=1000 runtime
  BRANCH t=230.7 slot=6 name='Marche' -> ai_path_0x0809E3BA (ea=0x00)
  CTRL pre-clear t=230.8 slot=0 name='Jon' ed=0x00 e6=0
  CTRL post-clear t=230.9 slot=0 ed=0x00 e6=0
  ROUTER t=230.9 slot=0 name='Jon' ea=0x00 ed=0x00 e6=0 ct=1000 runtime
  BRANCH t=231.0 slot=0 name='Jon' -> ai_path_0x0809E3BA (ea=0x00)
  CTRL pre-clear t=231.1 slot=3 name='Schneider' ed=0x00 e6=0
  CTRL post-clear t=231.1 slot=3 ed=0x00 e6=0
  ROUTER t=231.2 slot=3 name='Schneider' ea=0x00 ed=0x00 e6=0 ct=1000 runtime
  BRANCH t=231.2 slot=3 name='Schneider' -> ai_path_0x0809E3BA (ea=0x00)
  CTRL pre-clear t=231.3 slot=4 name='Carson' ed=0x00 e6=0
  CTRL post-clear t=231.4 slot=4 ed=0x00 e6=0
  ROUTER t=231.4 slot=4 name='Carson' ea=0x00 ed=0x00 e6=0 ct=1000 runtime
  BRANCH t=231.5 slot=4 name='Carson' -> ai_path_0x0809E3BA (ea=0x00)
  CTRL pre-clear t=231.6 slot=5 name='Judge' ed=0x00 e6=0
  CTRL post-clear t=231.6 slot=5 ed=0x00 e6=0
  ROUTER t=231.7 slot=5 name='Judge' ea=0x00 ed=0x00 e6=0 ct=1000 runtime
  BRANCH t=231.7 slot=5 name='Judge' -> ai_path_0x0809E3BA (ea=0x00)
  CTRL pre-clear t=231.8 slot=2 name='Godfrey' ed=0x00 e6=0
  CTRL post-clear t=231.9 slot=2 ed=0x00 e6=0
  ROUTER t=231.9 slot=2 name='Godfrey' ea=0x00 ed=0x00 e6=0 ct=1000 runtime
  BRANCH t=232.0 slot=2 name='Godfrey' -> ai_path_0x0809E3BA (ea=0x00)
  CTRL pre-clear t=232.1 slot=1 name='Velasquez' ed=0x00 e6=0
  CTRL post-clear t=232.1 slot=1 ed=0x00 e6=0
  ROUTER t=232.2 slot=1 name='Velasquez' ea=0x00 ed=0x00 e6=0 ct=1000 runtime
  BRANCH t=232.2 slot=1 name='Velasquez' -> ai_path_0x0809E3BA (ea=0x00)
  CTRL pre-clear t=232.3 slot=6 name='Marche' ed=0x00 e6=0
  CTRL post-clear t=232.4 slot=6 ed=0x00 e6=0
  ROUTER t=232.4 slot=6 name='Marche' ea=0x00 ed=0x00 e6=0 ct=1000 runtime
  BRANCH t=232.5 slot=6 name='Marche' -> ai_path_0x0809E3BA (ea=0x00)
  CTRL pre-clear t=232.6 slot=3 name='Schneider' ed=0x00 e6=0
  CTRL post-clear t=232.6 slot=3 ed=0x00 e6=0
  ROUTER t=232.7 slot=3 name='Schneider' ea=0x00 ed=0x00 e6=0 ct=1000 runtime
  BRANCH t=232.7 slot=3 name='Schneider' -> ai_path_0x0809E3BA (ea=0x00)
  CTRL pre-clear t=232.8 slot=0 name='Jon' ed=0x00 e6=0
  CTRL post-clear t=232.9 slot=0 ed=0x00 e6=0
  ROUTER t=232.9 slot=0 name='Jon' ea=0x00 ed=0x00 e6=0 ct=1000 runtime
  BRANCH t=233.0 slot=0 name='Jon' -> ai_path_0x0809E3BA (ea=0x00)
  CTRL pre-clear t=233.1 slot=4 name='Carson' ed=0x00 e6=0
  CTRL post-clear t=233.1 slot=4 ed=0x00 e6=0
  ROUTER t=233.2 slot=4 name='Carson' ea=0x00 ed=0x00 e6=0 ct=1000 runtime
  BRANCH t=233.2 slot=4 name='Carson' -> ai_path_0x0809E3BA (ea=0x00)
  CTRL pre-clear t=233.3 slot=2 name='Godfrey' ed=0x00 e6=0
  CTRL post-clear t=233.4 slot=2 ed=0x00 e6=0
  ROUTER t=233.4 slot=2 name='Godfrey' ea=0x00 ed=0x00 e6=0 ct=1000 runtime
  BRANCH t=233.5 slot=2 name='Godfrey' -> ai_path_0x0809E3BA (ea=0x00)
  CTRL pre-clear t=233.6 slot=1 name='Velasquez' ed=0x00 e6=0
  CTRL post-clear t=233.6 slot=1 ed=0x00 e6=0
  ROUTER t=233.7 slot=1 name='Velasquez' ea=0x00 ed=0x00 e6=0 ct=1000 runtime
  BRANCH t=233.7 slot=1 name='Velasquez' -> ai_path_0x0809E3BA (ea=0x00)
  CTRL pre-clear t=233.8 slot=6 name='Marche' ed=0x00 e6=0
  CTRL post-clear t=233.9 slot=6 ed=0x00 e6=0
  ROUTER t=233.9 slot=6 name='Marche' ea=0x00 ed=0x00 e6=0 ct=1000 runtime
  BRANCH t=234.0 slot=6 name='Marche' -> ai_path_0x0809E3BA (ea=0x00)
  CTRL pre-clear t=234.1 slot=3 name='Schneider' ed=0x00 e6=0
  CTRL post-clear t=234.2 slot=3 ed=0x00 e6=0
  ROUTER t=234.2 slot=3 name='Schneider' ea=0x00 ed=0x00 e6=0 ct=1000 runtime
  BRANCH t=234.3 slot=3 name='Schneider' -> ai_path_0x0809E3BA (ea=0x00)
  CTRL pre-clear t=234.4 slot=2 name='Godfrey' ed=0x00 e6=0
  CTRL post-clear t=234.4 slot=2 ed=0x00 e6=0
  ROUTER t=234.5 slot=2 name='Godfrey' ea=0x00 ed=0x00 e6=0 ct=1000 runtime
  BRANCH t=234.5 slot=2 name='Godfrey' -> ai_path_0x0809E3BA (ea=0x00)
  CTRL pre-clear t=234.6 slot=4 name='Carson' ed=0x00 e6=0
  CTRL post-clear t=234.7 slot=4 ed=0x00 e6=0
  ROUTER t=234.7 slot=4 name='Carson' ea=0x00 ed=0x00 e6=0 ct=1000 runtime
  BRANCH t=234.8 slot=4 name='Carson' -> ai_path_0x0809E3BA (ea=0x00)
  CTRL pre-clear t=234.9 slot=0 name='Jon' ed=0x00 e6=0
  CTRL post-clear t=234.9 slot=0 ed=0x00 e6=0
  ROUTER t=235.0 slot=0 name='Jon' ea=0x00 ed=0x00 e6=0 ct=1000 runtime
  BRANCH t=235.0 slot=0 name='Jon' -> ai_path_0x0809E3BA (ea=0x00)
  CTRL pre-clear t=235.1 slot=1 name='Velasquez' ed=0x00 e6=0
  CTRL post-clear t=235.2 slot=1 ed=0x00 e6=0
  ROUTER t=235.2 slot=1 name='Velasquez' ea=0x00 ed=0x00 e6=0 ct=1000 runtime
  BRANCH t=235.3 slot=1 name='Velasquez' -> ai_path_0x0809E3BA (ea=0x00)
  CTRL pre-clear t=235.4 slot=6 name='Marche' ed=0x00 e6=0
  CTRL post-clear t=235.4 slot=6 ed=0x00 e6=0
  ROUTER t=235.5 slot=6 name='Marche' ea=0x00 ed=0x00 e6=0 ct=1000 runtime
  BRANCH t=235.5 slot=6 name='Marche' -> ai_path_0x0809E3BA (ea=0x00)
  EV {"t": 249.2, "kind": "boundary", "scenario": "normal-battle", "turn": null, "actor": "Marche", "actor_slot": 6, "control_mode": "external", "selected_action": null, "selected_target": null, "position_before": {"x": 4, "y": 11}, "position_after": null, "state": "takeover", "seeds": 8, "router_hits": 249, "note": "outputs/autobattle\\a51-live-manual-05\\boundary-turn2.png", "input_log": null, "actor_identity": {"name_text": "Marche", "id": 6, "job": 2, "side_bit": false, "addr": "02016018"}, "engine_result": null, "next_actor": null}
  key 0x01 x5 c2:open-target t=250.7
  key 0x80 x5 c2:step-down t=253.7
  key 0x10 x5 c2:step-right t=256.3
  key 0x01 x5 c2:confirm-move t=259.0
  key 0x80 x5 c2:wait-nav-down t=262.0
  key 0x80 x5 c2:wait-nav-down t=266.6
  key 0x80 x5 c2:wait-nav-down t=271.3
  key 0x80 x5 c2:wait-nav-down t=275.9
  key 0x80 x5 c2:wait-nav-down t=280.6
  key 0x02 x5 c3:backout-0 t=283.2
  key 0x80 x5 c3:backout-echo-0 t=286.2
  key 0x02 x5 c3:backout-1 t=288.8
  key 0x80 x5 c3:backout-echo-1 t=291.9
  key 0x80 x5 c2:wait-nav2-down t=294.5
  key 0x01 x5 c2:select-wait t=297.1
  key 0x01 x5 c2:confirm-wait t=299.8
  CTRL post-clear t=301.4 slot=0 ed=0x00 e6=0
  ROUTER t=301.5 slot=0 name='Jon' ea=0x00 ed=0x00 e6=0 ct=1000 result-copy
  BRANCH t=301.5 slot=0 name='Jon' -> ai_path_0x0809E3BA (ea=0x00)
  CTRL pre-clear t=301.6 slot=0 name='Jon' ed=0x00 e6=0
  CTRL post-clear t=301.7 slot=0 ed=0x00 e6=0
  ROUTER t=301.7 slot=0 name='Jon' ea=0x00 ed=0x00 e6=0 ct=1000 result-copy
  BRANCH t=301.8 slot=0 name='Jon' -> ai_path_0x0809E3BA (ea=0x00)
  CTRL pre-clear t=301.9 slot=3 name='Schneider' ed=0x00 e6=0
  CTRL post-clear t=301.9 slot=3 ed=0x00 e6=0
  ROUTER t=302.0 slot=3 name='Schneider' ea=0x00 ed=0x00 e6=0 ct=1000 result-copy
  BRANCH t=302.0 slot=3 name='Schneider' -> ai_path_0x0809E3BA (ea=0x00)
  CTRL pre-clear t=302.1 slot=4 name='Carson' ed=0x00 e6=0
  CTRL post-clear t=302.2 slot=4 ed=0x00 e6=0
  ROUTER t=302.2 slot=4 name='Carson' ea=0x00 ed=0x00 e6=0 ct=1000 result-copy
  BRANCH t=302.3 slot=4 name='Carson' -> ai_path_0x0809E3BA (ea=0x00)
  CTRL pre-clear t=302.4 slot=5 name='Judge' ed=0x00 e6=0
  CTRL post-clear t=302.4 slot=5 ed=0x00 e6=0
  ROUTER t=302.5 slot=5 name='Judge' ea=0x00 ed=0x00 e6=0 ct=1000 result-copy
  BRANCH t=302.5 slot=5 name='Judge' -> ai_path_0x0809E3BA (ea=0x00)
  CTRL pre-clear t=302.6 slot=2 name='Godfrey' ed=0x00 e6=0
  CTRL post-clear t=302.7 slot=2 ed=0x00 e6=0
  ROUTER t=302.7 slot=2 name='Godfrey' ea=0x00 ed=0x00 e6=0 ct=1000 result-copy
  BRANCH t=302.8 slot=2 name='Godfrey' -> ai_path_0x0809E3BA (ea=0x00)
  CTRL pre-clear t=302.9 slot=6 name='Marche' ed=0x00 e6=0
  CTRL post-clear t=302.9 slot=6 ed=0x00 e6=0
  ROUTER t=303.0 slot=6 name='Marche' ea=0x00 ed=0x00 e6=0 ct=1000 result-copy
  BRANCH t=303.0 slot=6 name='Marche' -> ai_path_0x0809E3BA (ea=0x00)
  CTRL pre-clear t=303.1 slot=1 name='Velasquez' ed=0x00 e6=0
  CTRL post-clear t=303.2 slot=1 ed=0x00 e6=0
  ROUTER t=303.2 slot=1 name='Velasquez' ea=0x00 ed=0x00 e6=0 ct=1000 result-copy
  BRANCH t=303.3 slot=1 name='Velasquez' -> ai_path_0x0809E3BA (ea=0x00)
  CTRL pre-clear t=303.4 slot=3 name='Schneider' ed=0x00 e6=0
  CTRL post-clear t=303.4 slot=3 ed=0x00 e6=0
  ROUTER t=303.5 slot=3 name='Schneider' ea=0x00 ed=0x00 e6=0 ct=1000 progress
  BRANCH t=303.5 slot=3 name='Schneider' -> ai_path_0x0809E3BA (ea=0x00)
  CTRL pre-clear t=303.6 slot=0 name='Jon' ed=0x00 e6=0
  CTRL post-clear t=303.7 slot=0 ed=0x00 e6=0
  ROUTER t=303.7 slot=0 name='Jon' ea=0x00 ed=0x00 e6=0 ct=1000 progress
  BRANCH t=303.8 slot=0 name='Jon' -> ai_path_0x0809E3BA (ea=0x00)
  CTRL pre-clear t=303.9 slot=4 name='Carson' ed=0x00 e6=0
  CTRL post-clear t=303.9 slot=4 ed=0x00 e6=0
  ROUTER t=304.0 slot=4 name='Carson' ea=0x00 ed=0x00 e6=0 ct=1000 progress
  BRANCH t=304.0 slot=4 name='Carson' -> ai_path_0x0809E3BA (ea=0x00)
  CTRL pre-clear t=304.1 slot=2 name='Godfrey' ed=0x00 e6=0
  CTRL post-clear t=304.2 slot=2 ed=0x00 e6=0
  ROUTER t=304.2 slot=2 name='Godfrey' ea=0x00 ed=0x00 e6=0 ct=1000 progress
  BRANCH t=304.3 slot=2 name='Godfrey' -> ai_path_0x0809E3BA (ea=0x00)
  CTRL pre-clear t=304.4 slot=1 name='Velasquez' ed=0x00 e6=0
  CTRL post-clear t=304.5 slot=1 ed=0x00 e6=0
  ROUTER t=304.5 slot=1 name='Velasquez' ea=0x00 ed=0x00 e6=0 ct=1000 progress
  BRANCH t=304.6 slot=1 name='Velasquez' -> ai_path_0x0809E3BA (ea=0x00)
  CTRL pre-clear t=304.7 slot=6 name='Marche' ed=0x00 e6=0
  CTRL post-clear t=304.7 slot=6 ed=0x00 e6=0
  ROUTER t=304.8 slot=6 name='Marche' ea=0x00 ed=0x00 e6=0 ct=1000 progress
  BRANCH t=304.8 slot=6 name='Marche' -> ai_path_0x0809E3BA (ea=0x00)
  CTRL pre-clear t=304.9 slot=3 name='Schneider' ed=0x00 e6=0
  CTRL post-clear t=305.0 slot=3 ed=0x00 e6=0
  ROUTER t=305.0 slot=3 name='Schneider' ea=0x00 ed=0x00 e6=0 ct=1000 progress
  BRANCH t=305.1 slot=3 name='Schneider' -> ai_path_0x0809E3BA (ea=0x00)
  CTRL pre-clear t=305.2 slot=2 name='Godfrey' ed=0x00 e6=0
  CTRL post-clear t=305.2 slot=2 ed=0x00 e6=0
  ROUTER t=305.3 slot=2 name='Godfrey' ea=0x00 ed=0x00 e6=0 ct=1000 progress
  BRANCH t=305.3 slot=2 name='Godfrey' -> ai_path_0x0809E3BA (ea=0x00)
  CTRL pre-clear t=305.4 slot=4 name='Carson' ed=0x00 e6=0
  CTRL post-clear t=305.5 slot=4 ed=0x00 e6=0
  ROUTER t=305.5 slot=4 name='Carson' ea=0x00 ed=0x00 e6=0 ct=1000 progress
  BRANCH t=305.6 slot=4 name='Carson' -> ai_path_0x0809E3BA (ea=0x00)
  CTRL pre-clear t=305.7 slot=0 name='Jon' ed=0x00 e6=0
  CTRL post-clear t=305.7 slot=0 ed=0x00 e6=0
  ROUTER t=305.8 slot=0 name='Jon' ea=0x00 ed=0x00 e6=0 ct=1000 progress
  BRANCH t=305.8 slot=0 name='Jon' -> ai_path_0x0809E3BA (ea=0x00)
  CTRL pre-clear t=305.9 slot=1 name='Velasquez' ed=0x00 e6=0
  CTRL post-clear t=306.0 slot=1 ed=0x00 e6=0
  ROUTER t=306.0 slot=1 name='Velasquez' ea=0x00 ed=0x00 e6=0 ct=1000 progress
  BRANCH t=306.1 slot=1 name='Velasquez' -> ai_path_0x0809E3BA (ea=0x00)
  CTRL pre-clear t=306.2 slot=6 name='Marche' ed=0x00 e6=0
  CTRL post-clear t=306.2 slot=6 ed=0x00 e6=0
  ROUTER t=306.3 slot=6 name='Marche' ea=0x00 ed=0x00 e6=0 ct=1000 progress
  BRANCH t=306.3 slot=6 name='Marche' -> ai_path_0x0809E3BA (ea=0x00)
  CTRL pre-clear t=306.4 slot=3 name='Schneider' ed=0x00 e6=0
  CTRL post-clear t=306.5 slot=3 ed=0x00 e6=0
  ROUTER t=306.5 slot=3 name='Schneider' ea=0x00 ed=0x00 e6=0 ct=1000 progress
  BRANCH t=306.6 slot=3 name='Schneider' -> ai_path_0x0809E3BA (ea=0x00)
  SEED t=307.8 ctx=[{'off': -144, 'v': '020030cc', 'slot': None, 'name': 'Godfrey'}, {'off': -80, 'v': '0202008c', 'slot': None, 'name': None}, {'off': -60, 'v': '0201b208', 'slot': None, 'name': None}, {'off': -56, 'v': '0201b380', 'slot': None, 'name': None}, {'off': -16, 'v': '0201f134', 'slot': None, 'name': None}, {'off': 0, 'v': '020031d4', 'slot': None, 'name': 'Jon'}] progress
  EV {"t": 313.8, "kind": "turn", "scenario": "normal-battle", "turn": 2, "actor": "Marche", "actor_slot": 6, "control_mode": "external", "selected_action": {"kind": "identified-wait", "command_id": 2, "dest": null, "from": [4, 11]}, "selected_target": null, "position_before": {"x": 4, "y": 11}, "position_after": {"x": 4, "y": 11}, "state": "takeover", "seeds": 9, "router_hits": 270, "note": "committed via identified-wait: cmd cursor 2 read from RAM before input", "input_log": null, "actor_identity": {"name_text": "Marche", "id": 6, "job": 2, "side_bit": false, "addr": "02016018"}, "engine_result": {"verified": true, "moved_actors": [], "players_before": [{"slot": 6, "addr": "02016018", "name": 33562396, "side_raw": 129, "ct": 0, "ea": 0, "id": 6, "type": 2, "base_job": 80, "race": 1, "job": 2, "level": 50, "hp": 274, "max_hp": 442, "mp": 85, "max_mp": 85, "is_rom_name": false, "is_ram_name": true, "name_text": "Marche", "side_bit": false, "unaffiliated": false, "live": true, "x": 4, "y": 11}], "players_after": [{"slot": 6, "addr": "02016018", "name": 33562396, "side_raw": 129, "ct": 408, "ea": 0, "id": 6, "type": 2, "base_job": 80, "race": 1, "job": 2, "level": 50, "hp": 274, "max_hp": 442, "mp": 85, "max_mp": 85, "is_rom_name": false, "is_ram_name": true, "name_text": "Marche", "side_bit": false, "unaffiliated": false, "live": true, "x": 4, "y": 11}]}, "next_actor": {"source": "sequencer actor context", "name": "Jon", "id": 0, "job": 41, "side_bit": true}}
  EV {"t": 321.4, "kind": "stop", "scenario": "normal-battle", "turn": null, "actor": null, "actor_slot": null, "control_mode": null, "selected_action": null, "selected_target": null, "position_before": null, "position_after": null, "state": "stalled", "seeds": 9, "router_hits": 270, "note": "turn budget reached [terminal screenshot: terminal-stalled.png]", "input_log": null, "actor_identity": null, "engine_result": null, "next_actor": null}
final state: stalled; receipt outputs/autobattle\a51-live-manual-05/run.json
